Archive member included to satisfy reference by file (symbol)

/home/chen_7109/am335x/gcc-linaro-5.3-2016.02-x86_64_arm-linux-gnueabihf/bin/../lib/gcc/arm-linux-gnueabihf/5.3.1/libgcc.a(_udivsi3.o)
                              arch/arm/cpu/armv7/built-in.o (__aeabi_uidiv)
/home/chen_7109/am335x/gcc-linaro-5.3-2016.02-x86_64_arm-linux-gnueabihf/bin/../lib/gcc/arm-linux-gnueabihf/5.3.1/libgcc.a(_divsi3.o)
                              cmd/built-in.o (__aeabi_idiv)
/home/chen_7109/am335x/gcc-linaro-5.3-2016.02-x86_64_arm-linux-gnueabihf/bin/../lib/gcc/arm-linux-gnueabihf/5.3.1/libgcc.a(_lshrdi3.o)
                              drivers/mtd/built-in.o (__aeabi_llsr)
/home/chen_7109/am335x/gcc-linaro-5.3-2016.02-x86_64_arm-linux-gnueabihf/bin/../lib/gcc/arm-linux-gnueabihf/5.3.1/libgcc.a(_ashldi3.o)
                              drivers/mmc/built-in.o (__aeabi_llsl)
/home/chen_7109/am335x/gcc-linaro-5.3-2016.02-x86_64_arm-linux-gnueabihf/bin/../lib/gcc/arm-linux-gnueabihf/5.3.1/libgcc.a(_dvmd_lnx.o)
                              /home/chen_7109/am335x/gcc-linaro-5.3-2016.02-x86_64_arm-linux-gnueabihf/bin/../lib/gcc/arm-linux-gnueabihf/5.3.1/libgcc.a(_udivsi3.o) (__aeabi_idiv0)

Discarded input sections

 .data          0x0000000000000000        0x0 arch/arm/cpu/armv7/start.o
 .bss           0x0000000000000000        0x0 arch/arm/cpu/armv7/start.o
 .text          0x0000000000000000        0x0 board/vscom/baltos/built-in.o
 .data          0x0000000000000000        0x0 board/vscom/baltos/built-in.o
 .bss           0x0000000000000000        0x0 board/vscom/baltos/built-in.o
 .text.mmu_page_table_flush
                0x0000000000000000       0x1e arch/arm/cpu/armv7/built-in.o
 .text.v7_arch_cp15_set_l2aux_ctrl
                0x0000000000000000        0x6 arch/arm/cpu/armv7/built-in.o
 .text.v7_arch_cp15_set_acr
                0x0000000000000000        0x6 arch/arm/cpu/armv7/built-in.o
 .text.sdelay   0x0000000000000000        0x6 arch/arm/cpu/armv7/built-in.o
 .text.wait_on_value
                0x0000000000000000       0x1a arch/arm/cpu/armv7/built-in.o
 .text.warm_reset
                0x0000000000000000       0x18 arch/arm/cpu/armv7/built-in.o
 .text.setup_warmreset_time
                0x0000000000000000        0x2 arch/arm/cpu/armv7/built-in.o
 .text.do_cancel_out
                0x0000000000000000       0x44 arch/arm/cpu/armv7/built-in.o
 .text.cancel_out
                0x0000000000000000       0x62 arch/arm/cpu/armv7/built-in.o
 .text.omap_die_id
                0x0000000000000000        0xc arch/arm/cpu/armv7/built-in.o
 .text.omap_die_id_serial
                0x0000000000000000       0x4c arch/arm/cpu/armv7/built-in.o
 .text.omap_die_id_get_board_serial
                0x0000000000000000       0x24 arch/arm/cpu/armv7/built-in.o
 .text.omap_die_id_usbethaddr
                0x0000000000000000       0x58 arch/arm/cpu/armv7/built-in.o
 .text.omap_die_id_display
                0x0000000000000000       0x2c arch/arm/cpu/armv7/built-in.o
 .text.omap_sys_boot_device
                0x0000000000000000        0x4 arch/arm/cpu/armv7/built-in.o
 .text.save_omap_boot_params
                0x0000000000000000       0x78 arch/arm/cpu/armv7/built-in.o
 .text.enable_gpmc_cs_config
                0x0000000000000000       0x4c arch/arm/cpu/armv7/built-in.o
 .text.gpmc_init
                0x0000000000000000       0x38 arch/arm/cpu/armv7/built-in.o
 .text.get_dpll_mpu_params
                0x0000000000000000        0x8 arch/arm/cpu/armv7/built-in.o
 .text.get_dpll_core_params
                0x0000000000000000        0x8 arch/arm/cpu/armv7/built-in.o
 .text.get_dpll_per_params
                0x0000000000000000        0x8 arch/arm/cpu/armv7/built-in.o
 .text.setup_clocks_for_console
                0x0000000000000000       0x78 arch/arm/cpu/armv7/built-in.o
 .text.enable_basic_clocks
                0x0000000000000000       0x40 arch/arm/cpu/armv7/built-in.o
 .text.do_setup_dpll
                0x0000000000000000       0xc4 arch/arm/cpu/armv7/built-in.o
 .text.do_enable_clocks
                0x0000000000000000       0x60 arch/arm/cpu/armv7/built-in.o
 .text.do_disable_clocks
                0x0000000000000000       0x68 arch/arm/cpu/armv7/built-in.o
 .text.scale_vcores
                0x0000000000000000        0x2 arch/arm/cpu/armv7/built-in.o
 .text.prcm_init
                0x0000000000000000       0x60 arch/arm/cpu/armv7/built-in.o
 .text.rtc_only_prcm_init
                0x0000000000000000       0x1c arch/arm/cpu/armv7/built-in.o
 .text.get_cpu_rev
                0x0000000000000000        0xc arch/arm/cpu/armv7/built-in.o
 .text.get_sysboot_value
                0x0000000000000000       0x10 arch/arm/cpu/armv7/built-in.o
 .text.am335x_get_efuse_mpu_max_freq
                0x0000000000000000       0x70 arch/arm/cpu/armv7/built-in.o
 .text.am335x_get_tps65910_mpu_vdd
                0x0000000000000000       0x2a arch/arm/cpu/armv7/built-in.o
 .text.configure_mr
[...]
Memory Configuration

Name             Origin             Length             Attributes
*default*        0x0000000000000000 0xffffffffffffffff

Linker script and memory map

Address of section .text set to 0x80800000
                0x0000000000000000                . = 0x0
                0x0000000000000000                . = ALIGN (0x4)

.text           0x0000000080800000    0x42ffc
 *(.__image_copy_start)
 .__image_copy_start
                0x0000000080800000        0x0 arch/arm/lib/built-in.o
                0x0000000080800000                __image_copy_start
 *(.vectors)
 .vectors       0x0000000080800000      0x300 arch/arm/lib/built-in.o
                0x0000000080800000                _start
                0x0000000080800020                _undefined_instruction
                0x0000000080800024                _software_interrupt
                0x0000000080800028                _prefetch_abort
                0x000000008080002c                _data_abort
                0x0000000080800030                _not_used
                0x0000000080800034                _irq
                0x0000000080800038                _fiq
                0x0000000080800040                IRQ_STACK_START_IN
 arch/arm/cpu/armv7/start.o(.text*)
 .text          0x0000000080800300       0xa4 arch/arm/cpu/armv7/start.o
                0x0000000080800300                reset
                0x0000000080800304                save_boot_params_ret
                0x0000000080800338                c_runtime_cpu_setup
                0x000000008080034c                cpu_init_cp15
 board/vscom/baltos/built-in.o(.text*)
 .text.cpsw_control
                0x00000000808003a4        0x2 board/vscom/baltos/built-in.o
 *fill*         0x00000000808003a6        0x2 
 .text.board_init
                0x00000000808003a8       0x18 board/vscom/baltos/built-in.o
                0x00000000808003a8                board_init
 .text.ft_board_setup
                0x00000000808003c0      0x17c board/vscom/baltos/built-in.o
                0x00000000808003c0                ft_board_setup
 .text.board_late_init
                0x000000008080053c        0x4 board/vscom/baltos/built-in.o
                0x000000008080053c                board_late_init
 .text.board_eth_init
                0x0000000080800540      0x11c board/vscom/baltos/built-in.o
                0x0000000080800540                board_eth_init
 *(.text*)
 .text          0x000000008080065c      0x184 arch/arm/cpu/armv7/built-in.o
                0x000000008080065c                __v7_flush_dcache_all
                0x00000000808006f8                v7_flush_dcache_all
                0x0000000080800708                __v7_invalidate_dcache_all
                0x00000000808007a4                v7_invalidate_dcache_all
                0x00000000808007b4                save_boot_params
                0x00000000808007c0                omap_smc1
 .text.invalidate_icache_all
                0x00000000808007e0       0x14 arch/arm/cpu/armv7/built-in.o
                0x00000000808007e0                invalidate_icache_all
 .text.v7_outer_cache_enable
                0x00000000808007f4        0x2 arch/arm/cpu/armv7/built-in.o
                0x00000000808007f4                v7_outer_cache_enable
 .text.v7_outer_cache_disable
                0x00000000808007f6        0x2 arch/arm/cpu/armv7/built-in.o
                0x00000000808007f6                v7_outer_cache_disable
 .text.v7_outer_cache_flush_all
                0x00000000808007f8        0x2 arch/arm/cpu/armv7/built-in.o
                0x00000000808007f8                v7_outer_cache_flush_all
 .text.flush_dcache_all
                0x00000000808007fa        0xe arch/arm/cpu/armv7/built-in.o
                0x00000000808007fa                flush_dcache_all
 .text.v7_outer_cache_inval_all
                0x0000000080800808        0x2 arch/arm/cpu/armv7/built-in.o
                0x0000000080800808                v7_outer_cache_inval_all
 .text.invalidate_dcache_all
                0x000000008080080a        0xe arch/arm/cpu/armv7/built-in.o
                0x000000008080080a                invalidate_dcache_all
 .text.arm_init_before_mmu
                0x0000000080800818       0x22 arch/arm/cpu/armv7/built-in.o
                0x0000000080800818                arm_init_before_mmu
 .text.v7_outer_cache_flush_range
                0x000000008080083a        0x2 arch/arm/cpu/armv7/built-in.o
                0x000000008080083a                v7_outer_cache_flush_range
 .text.flush_dcache_range
                0x000000008080083c       0x26 arch/arm/cpu/armv7/built-in.o
                0x000000008080083c                flush_dcache_range
 .text.v7_outer_cache_inval_range
                0x0000000080800862        0x2 arch/arm/cpu/armv7/built-in.o
                0x0000000080800862                v7_outer_cache_inval_range
 .text.invalidate_dcache_range
                0x0000000080800864       0x78 arch/arm/cpu/armv7/built-in.o
                0x0000000080800864                invalidate_dcache_range
 .text.cpu_cache_initialization
                0x00000000808008dc        0x2 arch/arm/cpu/armv7/built-in.o
                0x00000000808008dc                cpu_cache_initialization
 .text.cleanup_before_linux_select
                0x00000000808008de       0x3e arch/arm/cpu/armv7/built-in.o
                0x00000000808008de                cleanup_before_linux_select
 .text.cleanup_before_linux
                0x000000008080091c        0x6 arch/arm/cpu/armv7/built-in.o
                0x000000008080091c                cleanup_before_linux
 *fill*         0x0000000080800922        0x2 
 .text.reset_cpu
                0x0000000080800924        0xc arch/arm/cpu/armv7/built-in.o
                0x0000000080800924                reset_cpu
 .text.timer_init
                0x0000000080800930       0x10 arch/arm/cpu/armv7/built-in.o
                0x0000000080800930                timer_init
 .text.__udelay
                0x0000000080800940       0x2c arch/arm/cpu/armv7/built-in.o
                0x0000000080800940                __udelay
 .text.get_timer_masked
                0x000000008080096c       0x34 arch/arm/cpu/armv7/built-in.o
                0x000000008080096c                get_timer_masked
 .text.get_timer
                0x00000000808009a0        0xc arch/arm/cpu/armv7/built-in.o
                0x00000000808009a0                get_timer
 .text.get_ticks
                0x00000000808009ac        0xa arch/arm/cpu/armv7/built-in.o
                0x00000000808009ac                get_ticks
 .text.get_tbclk
                0x00000000808009b6        0x6 arch/arm/cpu/armv7/built-in.o
                0x00000000808009b6                get_tbclk
 .text.enable_caches
                0x00000000808009bc        0x4 arch/arm/cpu/armv7/built-in.o
                0x00000000808009bc                enable_caches
 .text.dram_bank_mmu_setup
                0x00000000808009c0       0x26 arch/arm/cpu/armv7/built-in.o
                0x00000000808009c0                dram_bank_mmu_setup
 .text.arm_init_domains
                0x00000000808009e6       0x12 arch/arm/cpu/armv7/built-in.o
                0x00000000808009e6                arm_init_domains
 .text.get_cpu_type
                0x00000000808009f8       0x10 arch/arm/cpu/armv7/built-in.o
                0x00000000808009f8                get_cpu_type
 .text.get_device_type
                0x0000000080800a08       0x10 arch/arm/cpu/armv7/built-in.o
                0x0000000080800a08                get_device_type
 .text.print_cpuinfo
                0x0000000080800a18       0x7c arch/arm/cpu/armv7/built-in.o
                0x0000000080800a18                print_cpuinfo
 .text.dram_init
                0x0000000080800a94       0x16 arch/arm/cpu/armv7/built-in.o
                0x0000000080800a94                dram_init
 .text.dram_init_banksize
                0x0000000080800aaa       0x16 arch/arm/cpu/armv7/built-in.o
                0x0000000080800aaa                dram_init_banksize
 .text.am33xx_otg0_set_phy_power
                0x0000000080800ac0       0x20 arch/arm/cpu/armv7/built-in.o
 .text.am33xx_otg1_set_phy_power
                0x0000000080800ae0       0x20 arch/arm/cpu/armv7/built-in.o
 .text.cpu_mmc_init
                0x0000000080800b00       0x28 arch/arm/cpu/armv7/built-in.o
                0x0000000080800b00                cpu_mmc_init
 .text.arch_misc_init
                0x0000000080800b28       0x34 arch/arm/cpu/armv7/built-in.o
                0x0000000080800b28                arch_misc_init
 .text          0x0000000080800b5c       0x94 arch/arm/lib/built-in.o
                0x0000000080800b5c                _main
 .text.relocate_vectors
                0x0000000080800bf0       0x70 arch/arm/lib/built-in.o
                0x0000000080800bf0                relocate_vectors
                0x0000000080800bfc                relocate_code
 .text.arch_fixup_fdt
                0x0000000080800c60       0x24 arch/arm/lib/built-in.o
                0x0000000080800c60                arch_fixup_fdt
 .text.boot_jump_linux
                0x0000000080800c84       0x84 arch/arm/lib/built-in.o
 .text.arch_lmb_reserve
                0x0000000080800d08       0x1e arch/arm/lib/built-in.o
                0x0000000080800d08                arch_lmb_reserve
 .text.setup_board_tags
                0x0000000080800d26        0x2 arch/arm/lib/built-in.o
                0x0000000080800d26                setup_board_tags
 .text.boot_prep_linux
                0x0000000080800d28       0xfc arch/arm/lib/built-in.o
 .text.do_bootm_linux
                0x0000000080800e24       0x44 arch/arm/lib/built-in.o
                0x0000000080800e24                do_bootm_linux
 .text.bootz_setup
                0x0000000080800e68       0x38 arch/arm/lib/built-in.o
                0x0000000080800e68                bootz_setup
 .text.boot_prep_vxworks
                0x0000000080800ea0       0x34 arch/arm/lib/built-in.o
                0x0000000080800ea0                boot_prep_vxworks
 .text.boot_jump_vxworks
                0x0000000080800ed4        0xa arch/arm/lib/built-in.o
                0x0000000080800ed4                boot_jump_vxworks
 .text.arch_reserve_stacks
                0x0000000080800ede       0x16 arch/arm/lib/built-in.o
                0x0000000080800ede                arch_reserve_stacks
 .text.interrupt_init
                0x0000000080800ef4       0x14 arch/arm/lib/built-in.o
                0x0000000080800ef4                interrupt_init
 .text.enable_interrupts
                0x0000000080800f08        0x2 arch/arm/lib/built-in.o
                0x0000000080800f08                enable_interrupts
 .text.disable_interrupts
                0x0000000080800f0a        0x4 arch/arm/lib/built-in.o
                0x0000000080800f0a                disable_interrupts
 *fill*         0x0000000080800f0e        0x2 
 .text.bad_mode
                0x0000000080800f10        0xc arch/arm/lib/built-in.o
                0x0000000080800f10                bad_mode
 .text.show_regs
                0x0000000080800f1c      0x108 arch/arm/lib/built-in.o
                0x0000000080800f1c                show_regs
 .text.do_undefined_instruction
                0x0000000080801024       0x1c arch/arm/lib/built-in.o
                0x0000000080801024                do_undefined_instruction
 .text.do_software_interrupt
                0x0000000080801040       0x1c arch/arm/lib/built-in.o
                0x0000000080801040                do_software_interrupt
 .text.do_prefetch_abort
                0x000000008080105c       0x1c arch/arm/lib/built-in.o
                0x000000008080105c                do_prefetch_abort
 .text.do_data_abort
                0x0000000080801078       0x1c arch/arm/lib/built-in.o
                0x0000000080801078                do_data_abort
 .text.do_not_used
                0x0000000080801094       0x1c arch/arm/lib/built-in.o
                0x0000000080801094                do_not_used
 .text.do_fiq   0x00000000808010b0       0x1c arch/arm/lib/built-in.o
                0x00000000808010b0                do_fiq
 .text.do_irq   0x00000000808010cc       0x1c arch/arm/lib/built-in.o
                0x00000000808010cc                do_irq
 .text.reset_misc
                0x00000000808010e8        0x2 arch/arm/lib/built-in.o
                0x00000000808010e8                reset_misc
 *fill*         0x00000000808010ea        0x2 
 .text.do_reset
                0x00000000808010ec       0x28 arch/arm/lib/built-in.o
                0x00000000808010ec                do_reset
 .text.flush_cache
                0x0000000080801114        0x6 arch/arm/lib/built-in.o
                0x0000000080801114                flush_cache
 .text.cp_delay
                0x000000008080111a       0x18 arch/arm/lib/built-in.o
 .text.set_section_dcache
                0x0000000080801132       0x12 arch/arm/lib/built-in.o
                0x0000000080801132                set_section_dcache
 .text.icache_enable
                0x0000000080801144       0x14 arch/arm/lib/built-in.o
                0x0000000080801144                icache_enable
 .text.icache_disable
                0x0000000080801158       0x1c arch/arm/lib/built-in.o
                0x0000000080801158                icache_disable
 .text.dcache_enable
                0x0000000080801174       0x6a arch/arm/lib/built-in.o
                0x0000000080801174                dcache_enable
 .text.dcache_disable
                0x00000000808011de       0x24 arch/arm/lib/built-in.o
                0x00000000808011de                dcache_disable
 .text.dcache_status
                0x0000000080801202        0xa arch/arm/lib/built-in.o
                0x0000000080801202                dcache_status
 .text.do_go_exec
                0x000000008080120c        0x8 cmd/built-in.o
                0x000000008080120c                do_go_exec
 .text.do_go    0x0000000080801214       0x4c cmd/built-in.o
 .text.do_bootm
                0x0000000080801260       0xa4 cmd/built-in.o
                0x0000000080801260                do_bootm
 .text.do_bootd
                0x0000000080801304       0x18 cmd/built-in.o
                0x0000000080801304                do_bootd
 .text.image_info
                0x000000008080131c       0xc4 cmd/built-in.o
 .text.do_iminfo
                0x00000000808013e0       0x40 cmd/built-in.o
 .text.bootm_maybe_autostart
                0x0000000080801420       0x4c cmd/built-in.o
                0x0000000080801420                bootm_maybe_autostart
 .text.do_bootz
                0x000000008080146c       0xa0 cmd/built-in.o
                0x000000008080146c                do_bootz
 .text.do_help  0x000000008080150c       0x2c cmd/built-in.o
 .text.do_version
                0x0000000080801538       0x2c cmd/built-in.o
 .text.source   0x0000000080801564      0x11c cmd/built-in.o
                0x0000000080801564                source
 .text.do_source
                0x0000000080801680       0x50 cmd/built-in.o
 .text.print_num
                0x00000000808016d0       0x10 cmd/built-in.o
 .text.do_bdinfo
                0x00000000808016e0      0x124 cmd/built-in.o
 .text.bootefi_open_dp
                0x0000000080801804        0xc cmd/built-in.o
 .text.do_bootefi_exec
                0x0000000080801810      0x170 cmd/built-in.o
 .text.do_bootefi
                0x0000000080801980       0x58 cmd/built-in.o
 .text.efi_set_bootdev
                0x00000000808019d8       0xbc cmd/built-in.o
                0x00000000808019d8                efi_set_bootdev
 .text.do_coninfo
                0x0000000080801a94       0x84 cmd/built-in.o
 .text.do_echo  0x0000000080801b18       0x74 cmd/built-in.o
 .text.eeprom_write_enable
                0x0000000080801b8c        0x4 cmd/built-in.o
                0x0000000080801b8c                eeprom_write_enable
 .text.eeprom_read
                0x0000000080801b90       0x4c cmd/built-in.o
                0x0000000080801b90                eeprom_read
 .text.eeprom_write
                0x0000000080801bdc       0x6c cmd/built-in.o
                0x0000000080801bdc                eeprom_write
 .text.do_eeprom
                0x0000000080801c48       0xd8 cmd/built-in.o
 .text.load_elf_image_shdr
                0x0000000080801d20       0x4a cmd/built-in.o
 *fill*         0x0000000080801d6a        0x2 
 .text.valid_elf_image
                0x0000000080801d6c       0x30 cmd/built-in.o
                0x0000000080801d6c                valid_elf_image
 .text.do_bootelf
                0x0000000080801d9c      0x108 cmd/built-in.o
                0x0000000080801d9c                do_bootelf
 .text.do_bootvx
                0x0000000080801ea4      0x23c cmd/built-in.o
                0x0000000080801ea4                do_bootvx
 .text.do_exit  0x00000000808020e0       0x20 cmd/built-in.o
 .text.do_ext4_size
                0x0000000080802100        0xe cmd/built-in.o
                0x0000000080802100                do_ext4_size
 .text.do_ext4_load
                0x000000008080210e        0xe cmd/built-in.o
                0x000000008080210e                do_ext4_load
 .text.do_ext4_ls
                0x000000008080211c        0xe cmd/built-in.o
                0x000000008080211c                do_ext4_ls
 .text.do_ext4_write
                0x000000008080212a        0xe cmd/built-in.o
                0x000000008080212a                do_ext4_write
 .text.do_ext2load
                0x0000000080802138        0xe cmd/built-in.o
                0x0000000080802138                do_ext2load
 .text.do_ext2ls
                0x0000000080802146        0xe cmd/built-in.o
 .text.do_fat_size
                0x0000000080802154        0xe cmd/built-in.o
                0x0000000080802154                do_fat_size
 .text.do_fat_fsload
                0x0000000080802162        0xe cmd/built-in.o
                0x0000000080802162                do_fat_fsload
 .text.do_fat_ls
                0x0000000080802170        0xe cmd/built-in.o
 *fill*         0x000000008080217e        0x2 
 .text.do_fat_fsinfo
                0x0000000080802180       0x58 cmd/built-in.o
 .text.do_fat_fswrite
                0x00000000808021d8       0xb0 cmd/built-in.o
 .text.fdt_valid
                0x0000000080802288       0x74 cmd/built-in.o
 .text.is_printable_string
                0x00000000808022fc       0x50 cmd/built-in.o
 .text.print_data
                0x000000008080234c      0x108 cmd/built-in.o
 .text.set_working_fdt_addr
                0x0000000080802454       0x14 cmd/built-in.o
                0x0000000080802454                set_working_fdt_addr
 .text.do_fdt   0x0000000080802468      0x990 cmd/built-in.o
 .text.do_size_wrapper
                0x0000000080802df8        0xe cmd/built-in.o
 *fill*         0x0000000080802e06        0x2 
 .text.do_load_wrapper
                0x0000000080802e08       0x40 cmd/built-in.o
 .text.do_save_wrapper
                0x0000000080802e48        0xe cmd/built-in.o
 .text.do_ls_wrapper
                0x0000000080802e56        0xe cmd/built-in.o
 .text.do_fstype_wrapper
                0x0000000080802e64        0x4 cmd/built-in.o
 .text.gpio_get_description
                0x0000000080802e68       0x78 cmd/built-in.o
 .text.do_gpio  0x0000000080802ee0      0x210 cmd/built-in.o
 .text.do_i2c   0x00000000808030f0       0x3c cmd/built-in.o
 .text.do_i2c_bus_speed
                0x000000008080312c       0x50 cmd/built-in.o
 .text.do_i2c_reset
                0x000000008080317c       0x20 cmd/built-in.o
 .text.do_i2c_probe
                0x000000008080319c       0x5c cmd/built-in.o
 .text.do_i2c_bus_num
                0x00000000808031f8       0x7c cmd/built-in.o
 .text.do_i2c_show_bus
                0x0000000080803274       0x8c cmd/built-in.o
 .text.get_alen.constprop.5
                0x0000000080803300       0x1c cmd/built-in.o
 .text.do_i2c_crc
                0x000000008080331c       0xb8 cmd/built-in.o
 .text.mod_i2c_mem.isra.3
                0x00000000808033d4      0x148 cmd/built-in.o
 .text.do_i2c_nm
                0x000000008080351c        0x6 cmd/built-in.o
 .text.do_i2c_mm
                0x0000000080803522        0x6 cmd/built-in.o
 .text.do_i2c_md
                0x0000000080803528      0x13c cmd/built-in.o
 .text.do_i2c_read
                0x0000000080803664       0x78 cmd/built-in.o
 .text.do_i2c_mw
                0x00000000808036dc       0xa4 cmd/built-in.o
 .text.do_i2c_write
                0x0000000080803780       0xdc cmd/built-in.o
 .text.do_i2c_loop
                0x000000008080385c       0x9c cmd/built-in.o
 .text.i2c_init_board
                0x00000000808038f8        0x2 cmd/built-in.o
                0x00000000808038f8                i2c_init_board
 .text.evalexp  0x00000000808038fa       0x42 cmd/built-in.o
 .text.evalstr  0x000000008080393c       0x3c cmd/built-in.o
 .text.binary_test
                0x0000000080803978      0x128 cmd/built-in.o
 .text.do_itest
                0x0000000080803aa0       0x4c cmd/built-in.o
 .text.bin_data_init
                0x0000000080803aec       0x1c cmd/built-in.o
 .text.k_data_save
                0x0000000080803b08       0x34 cmd/built-in.o
 .text.k_data_restore
                0x0000000080803b3c       0x34 cmd/built-in.o
 .text.getcxmodem
                0x0000000080803b70       0x16 cmd/built-in.o
 *fill*         0x0000000080803b86        0x2 
 .text.load_serial_ymodem
                0x0000000080803b88       0x88 cmd/built-in.o
 .text.bin_data_char
                0x0000000080803c10       0x1c cmd/built-in.o
 .text.chk1.constprop.1
                0x0000000080803c2c       0x20 cmd/built-in.o
 .text.s1_sendpacket.constprop.2
                0x0000000080803c4c       0x34 cmd/built-in.o
 .text.load_serial
                0x0000000080803c80      0x130 cmd/built-in.o
 .text.do_load_serial
                0x0000000080803db0       0x90 cmd/built-in.o
 .text.do_load_serial_bin
                0x0000000080803e40      0x52c cmd/built-in.o
 .text.do_mem_mw
                0x000000008080436c       0x80 cmd/built-in.o
 .text.do_mem_loop
                0x00000000808043ec       0x82 cmd/built-in.o
 *fill*         0x000000008080446e        0x2 
 .text.do_mem_md
                0x0000000080804470       0xa0 cmd/built-in.o
 .text.do_mem_base
                0x0000000080804510       0x28 cmd/built-in.o
 .text.do_mem_cp
                0x0000000080804538       0x8c cmd/built-in.o
 .text.do_mem_cmp
                0x00000000808045c4       0xfc cmd/built-in.o
 .text.do_mem_crc
                0x00000000808046c0       0x2c cmd/built-in.o
 .text.mod_mem.isra.0
                0x00000000808046ec       0xf4 cmd/built-in.o
 .text.do_mem_mm
                0x00000000808047e0        0x6 cmd/built-in.o
 .text.do_mem_nm
                0x00000000808047e6        0x6 cmd/built-in.o
 .text.extract_range
                0x00000000808047ec       0x7c cmd/built-in.o
 .text.do_mii   0x0000000080804868      0x61c cmd/built-in.o
 .text.do_mdio  0x0000000080804e84      0x320 cmd/built-in.o
 .text.do_sleep
                0x00000000808051a4       0x46 cmd/built-in.o
 *fill*         0x00000000808051ea        0x2 
 .text.do_mmcops
                0x00000000808051ec       0x7c cmd/built-in.o
 .text.init_mmc_device
                0x0000000080805268       0x34 cmd/built-in.o
 .text.do_mmc_rescan
                0x000000008080529c       0x18 cmd/built-in.o
 .text.do_mmc_rst_func
                0x00000000808052b4       0x60 cmd/built-in.o
 .text.do_mmc_partconf
                0x0000000080805314       0x74 cmd/built-in.o
 .text.do_mmc_boot_resize
                0x0000000080805388       0x84 cmd/built-in.o
 .text.do_mmc_bootbus
                0x000000008080540c       0x74 cmd/built-in.o
 .text.do_mmc_hwpartition
                0x0000000080805480      0x3a4 cmd/built-in.o
 .text.do_mmc_list
                0x0000000080805824        0xc cmd/built-in.o
 .text.do_mmc_dev
                0x0000000080805830       0xc4 cmd/built-in.o
 .text.do_mmc_part
                0x00000000808058f4       0x38 cmd/built-in.o
 .text.do_mmc_erase
                0x000000008080592c       0x9c cmd/built-in.o
 .text.do_mmc_write
                0x00000000808059c8       0xb0 cmd/built-in.o
 .text.do_mmc_read
                0x0000000080805a78       0xa8 cmd/built-in.o
 .text.do_mmcinfo
                0x0000000080805b20      0x294 cmd/built-in.o
 .text.do_mmc_setdsr
                0x0000000080805db4       0x74 cmd/built-in.o
 .text.part_delall
                0x0000000080805e28       0x26 cmd/built-in.o
 .text.memsize_parse
                0x0000000080805e4e       0x48 cmd/built-in.o
 *fill*         0x0000000080805e96        0x2 
 .text.mtd_part_info
                0x0000000080805e98       0x5c cmd/built-in.o
 .text.memsize_format
                0x0000000080805ef4       0x6c cmd/built-in.o
 .text.index_partitions
                0x0000000080805f60       0x68 cmd/built-in.o
 .text.current_save
                0x0000000080805fc8       0x78 cmd/built-in.o
 .text.part_sort_add
                0x0000000080806040       0xc0 cmd/built-in.o
 .text.device_del
                0x0000000080806100       0x50 cmd/built-in.o
 .text.generate_mtdparts_save.constprop.6
                0x0000000080806150      0x1b8 cmd/built-in.o
 .text.device_delall.constprop.8
                0x0000000080806308       0x3c cmd/built-in.o
 .text.mtd_devices_init
                0x0000000080806344       0x20 cmd/built-in.o
 .text.get_mtd_info.constprop.9
                0x0000000080806364       0x58 cmd/built-in.o
 .text.part_validate
                0x00000000808063bc      0x24c cmd/built-in.o
 .text.device_find
                0x0000000080806608       0x28 cmd/built-in.o
                0x0000000080806608                device_find
 .text.device_parse
                0x0000000080806630      0x374 cmd/built-in.o
 .text.mtd_id_parse
                0x00000000808069a4       0xa0 cmd/built-in.o
                0x00000000808069a4                mtd_id_parse
 .text.find_dev_and_part
                0x0000000080806a44      0x11c cmd/built-in.o
                0x0000000080806a44                find_dev_and_part
 .text.mtdparts_init
                0x0000000080806b60      0x428 cmd/built-in.o
                0x0000000080806b60                mtdparts_init
 .text.do_chpart
                0x0000000080806f88       0x88 cmd/built-in.o
 .text.do_mtdparts
                0x0000000080807010      0x3d8 cmd/built-in.o
 .text.netboot_common
                0x00000000808073e8      0x1cc cmd/built-in.o
 .text.do_bootp
                0x00000000808075b4        0x8 cmd/built-in.o
 .text.do_dhcp  0x00000000808075bc        0x8 cmd/built-in.o
 .text.do_nfs   0x00000000808075c4        0x8 cmd/built-in.o
 .text.do_tftpb
                0x00000000808075cc       0x26 cmd/built-in.o
                0x00000000808075cc                do_tftpb
 *fill*         0x00000000808075f2        0x2 
 .text.do_ping  0x00000000808075f4       0x48 cmd/built-in.o
 .text.do_part_list
                0x000000008080763c       0xec cmd/built-in.o
 .text.do_part_start
                0x0000000080807728       0x84 cmd/built-in.o
 .text.do_part_size
                0x00000000808077ac       0x84 cmd/built-in.o
 .text.do_part  0x0000000080807830       0xb0 cmd/built-in.o
 .text.eol_or_eof
                0x00000000808078e0       0x12 cmd/built-in.o
 *fill*         0x00000000808078f2        0x2 
 .text.do_pxe   0x00000000808078f4       0x48 cmd/built-in.o
 .text.label_print
                0x000000008080793c       0x14 cmd/built-in.o
 .text.do_get_tftp
                0x0000000080807950       0x2c cmd/built-in.o
 .text.from_env
                0x000000008080797c       0x1c cmd/built-in.o
 .text.get_string
                0x0000000080807998       0x84 cmd/built-in.o
 .text.label_destroy
                0x0000000080807a1c       0x3e cmd/built-in.o
 .text.destroy_pxe_menu
                0x0000000080807a5a       0x36 cmd/built-in.o
 .text.get_token
                0x0000000080807a90       0xa4 cmd/built-in.o
 .text.parse_sliteral
                0x0000000080807b34       0x34 cmd/built-in.o
 .text.parse_integer
                0x0000000080807b68       0x44 cmd/built-in.o
 .text.do_get_any
                0x0000000080807bac       0x2c cmd/built-in.o
 .text.do_get_fat
                0x0000000080807bd8       0x28 cmd/built-in.o
 .text.do_get_ext2
                0x0000000080807c00       0x28 cmd/built-in.o
 .text.format_mac_pxe.constprop.6
                0x0000000080807c28       0x54 cmd/built-in.o
 .text.get_relfile
                0x0000000080807c7c       0xcc cmd/built-in.o
 .text.get_pxe_file
                0x0000000080807d48       0x3c cmd/built-in.o
 .text.handle_include
                0x0000000080807d84       0x64 cmd/built-in.o
 .text.parse_pxefile_top
                0x0000000080807de8      0x308 cmd/built-in.o
 .text.parse_pxefile
                0x00000000808080f0       0x40 cmd/built-in.o
 .text.get_pxelinux_path
                0x0000000080808130       0x50 cmd/built-in.o
 .text.do_pxe_get
                0x0000000080808180       0xe4 cmd/built-in.o
 .text.get_relfile_envaddr
                0x0000000080808264       0x34 cmd/built-in.o
 .text.label_boot
                0x0000000080808298      0x3ac cmd/built-in.o
 .text.handle_pxe_menu
                0x0000000080808644       0xd8 cmd/built-in.o
 .text.do_pxe_boot
                0x000000008080871c       0x94 cmd/built-in.o
 .text.do_sysboot
                0x00000000808087b0      0x13c cmd/built-in.o
 .text.do_time  0x00000000808088ec       0x94 cmd/built-in.o
 .text.do_false
                0x0000000080808980        0x4 cmd/built-in.o
 .text.do_true  0x0000000080808984        0x4 cmd/built-in.o
 .text.do_test  0x0000000080808988      0x200 cmd/built-in.o
 .text.ubi_find_volume
                0x0000000080808b88       0x44 cmd/built-in.o
 .text.ubi_volume_continue_write
                0x0000000080808bcc       0x70 cmd/built-in.o
 .text.ubi_volume_begin_write
                0x0000000080808c3c       0x70 cmd/built-in.o
                0x0000000080808c3c                ubi_volume_begin_write
 .text.ubi_volume_write
                0x0000000080808cac        0x6 cmd/built-in.o
                0x0000000080808cac                ubi_volume_write
 *fill*         0x0000000080808cb2        0x2 
 .text.ubi_volume_read
                0x0000000080808cb4      0x148 cmd/built-in.o
                0x0000000080808cb4                ubi_volume_read
 .text.ubi_part
                0x0000000080808dfc      0x18c cmd/built-in.o
                0x0000000080808dfc                ubi_part
 .text.do_ubi   0x0000000080808f88      0x5dc cmd/built-in.o
 .text.do_ubifs_mount
                0x0000000080809564       0x38 cmd/built-in.o
 .text.do_ubifs_ls
                0x000000008080959c       0x40 cmd/built-in.o
 .text.do_ubifs_load
                0x00000000808095dc       0x74 cmd/built-in.o
 .text.ubifs_is_mounted
                0x0000000080809650        0xc cmd/built-in.o
                0x0000000080809650                ubifs_is_mounted
 .text.cmd_ubifs_umount
                0x000000008080965c       0x1c cmd/built-in.o
                0x000000008080965c                cmd_ubifs_umount
 .text.do_ubifs_umount
                0x0000000080809678       0x2c cmd/built-in.o
 .text.usb_get_class_desc
                0x00000000808096a4       0x74 cmd/built-in.o
 .text.usb_find_device
                0x0000000080809718       0x1e cmd/built-in.o
 *fill*         0x0000000080809736        0x2 
 .text.usb_show_tree_graph
                0x0000000080809738      0x180 cmd/built-in.o
 .text.usb_display_class_sub
                0x00000000808098b8       0xf4 cmd/built-in.o
 .text.usb_display_string
                0x00000000808099ac       0x2c cmd/built-in.o
 .text.usb_display_config
                0x00000000808099d8      0x1a8 cmd/built-in.o
 .text.do_usbboot
                0x0000000080809b80        0xc cmd/built-in.o
 .text.usb_display_desc.part.1
                0x0000000080809b8c       0xd0 cmd/built-in.o
 .text.do_usb_start
                0x0000000080809c5c       0x20 cmd/built-in.o
 .text.usb_show_tree
                0x0000000080809c7c       0x30 cmd/built-in.o
                0x0000000080809c7c                usb_show_tree
 .text.do_usb   0x0000000080809cac      0x4c4 cmd/built-in.o
 .text.do_imgextract
                0x000000008080a170      0x290 cmd/built-in.o
 .text.do_spl   0x000000008080a400      0x100 cmd/built-in.o
 .text.extract_val
                0x000000008080a500       0x5c cmd/built-in.o
 .text.extract_env
                0x000000008080a55c       0x80 cmd/built-in.o
 .text.set_gpt_info.isra.1.constprop.2
                0x000000008080a5dc      0x28c cmd/built-in.o
 .text.do_gpt   0x000000008080a868      0x1dc cmd/built-in.o
 .text.do_env_delete
                0x000000008080aa44       0x6c cmd/built-in.o
 .text.do_env_exists
                0x000000008080aab0       0x40 cmd/built-in.o
 .text.do_env   0x000000008080aaf0       0x3c cmd/built-in.o
 .text.env_print
                0x000000008080ab2c       0x74 cmd/built-in.o
 .text.do_env_print
                0x000000008080aba0       0x80 cmd/built-in.o
 .text.do_env_import
                0x000000008080ac20      0x190 cmd/built-in.o
 .text.do_env_default
                0x000000008080adb0       0x54 cmd/built-in.o
 .text._do_env_set.isra.0
                0x000000008080ae04      0x12c cmd/built-in.o
 .text.do_env_set
                0x000000008080af30       0x14 cmd/built-in.o
 .text.do_env_ask
                0x000000008080af44       0xe8 cmd/built-in.o
                0x000000008080af44                do_env_ask
 .text.get_env_id
                0x000000008080b02c        0xc cmd/built-in.o
                0x000000008080b02c                get_env_id
 .text.setenv   0x000000008080b038       0x3c cmd/built-in.o
                0x000000008080b038                setenv
 .text.setenv_ulong
                0x000000008080b074       0x16 cmd/built-in.o
                0x000000008080b074                setenv_ulong
 *fill*         0x000000008080b08a        0x2 
 .text.setenv_hex
                0x000000008080b08c       0x20 cmd/built-in.o
                0x000000008080b08c                setenv_hex
 .text.do_env_export
                0x000000008080b0ac      0x16c cmd/built-in.o
 .text.envmatch
                0x000000008080b218       0x3c cmd/built-in.o
                0x000000008080b218                envmatch
 .text.getenv_f
                0x000000008080b254       0x84 cmd/built-in.o
                0x000000008080b254                getenv_f
 .text.getenv   0x000000008080b2d8       0x54 cmd/built-in.o
                0x000000008080b2d8                getenv
 .text.getenv_hex
                0x000000008080b32c       0x22 cmd/built-in.o
                0x000000008080b32c                getenv_hex
 .text.getenv_ulong
                0x000000008080b34e       0x1c cmd/built-in.o
                0x000000008080b34e                getenv_ulong
 *fill*         0x000000008080b36a        0x2 
 .text.do_env_edit.part.2
                0x000000008080b36c       0x70 cmd/built-in.o
 .text.do_env_edit
                0x000000008080b3dc       0x1c cmd/built-in.o
 .text.common_diskboot
                0x000000008080b3f8      0x1d0 cmd/built-in.o
                0x000000008080b3f8                common_diskboot
 .text.board_init_f_alloc_reserve
                0x000000008080b5c8        0xa common/built-in.o
                0x000000008080b5c8                board_init_f_alloc_reserve
 .text.board_init_f_init_reserve
                0x000000008080b5d2       0x14 common/built-in.o
                0x000000008080b5d2                board_init_f_init_reserve
 .text.show_boot_progress
                0x000000008080b5e6        0x2 common/built-in.o
                0x000000008080b5e6                show_boot_progress
 .text.main_loop
                0x000000008080b5e8       0x34 common/built-in.o
                0x000000008080b5e8                main_loop
 .text.dummy    0x000000008080b61c        0x2 common/built-in.o
 .text.get_version
                0x000000008080b61e        0x4 common/built-in.o
                0x000000008080b61e                get_version
 *fill*         0x000000008080b622        0x2 
 .text.jumptable_init
                0x000000008080b624      0x164 common/built-in.o
                0x000000008080b624                jumptable_init
 .text.hash_finish_crc32
                0x000000008080b788       0x1c common/built-in.o
 .text.hash_update_crc32
                0x000000008080b7a4       0x14 common/built-in.o
 .text.hash_init_crc32
                0x000000008080b7b8       0x14 common/built-in.o
 .text.hash_finish_sha256
                0x000000008080b7cc       0x22 common/built-in.o
 .text.hash_update_sha256
                0x000000008080b7ee       0x10 common/built-in.o
 .text.hash_init_sha256
                0x000000008080b7fe       0x16 common/built-in.o
 .text.hash_finish_sha1
                0x000000008080b814       0x22 common/built-in.o
 .text.hash_update_sha1
                0x000000008080b836       0x10 common/built-in.o
 .text.hash_init_sha1
                0x000000008080b846       0x16 common/built-in.o
 .text.hash_lookup_algo
                0x000000008080b85c       0x3c common/built-in.o
                0x000000008080b85c                hash_lookup_algo
 .text.hash_command
                0x000000008080b898      0x128 common/built-in.o
                0x000000008080b898                hash_command
 .text.b_reset  0x000000008080b9c0        0xe common/built-in.o
 .text.static_get
                0x000000008080b9ce       0x12 common/built-in.o
 .text.file_peek
                0x000000008080b9e0        0x6 common/built-in.o
 *fill*         0x000000008080b9e6        0x2 
 .text.mapset   0x000000008080b9e8       0x14 common/built-in.o
 .text.syntax_err
                0x000000008080b9fc        0xc common/built-in.o
 .text.free_pipe_list
                0x000000008080ba08       0x96 common/built-in.o
 *fill*         0x000000008080ba9e        0x2 
 .text.xmalloc  0x000000008080baa0       0x18 common/built-in.o
 .text.new_pipe
                0x000000008080bab8       0x16 common/built-in.o
 *fill*         0x000000008080bace        0x2 
 .text.xrealloc
                0x000000008080bad0       0x18 common/built-in.o
 .text.done_command
                0x000000008080bae8       0x42 common/built-in.o
 .text.done_pipe
                0x000000008080bb2a       0x2a common/built-in.o
 .text.done_word
                0x000000008080bb54      0x1cc common/built-in.o
 .text.do_showvar
                0x000000008080bd20       0xa0 common/built-in.o
 .text.is_assignment
                0x000000008080bdc0       0x2c common/built-in.o
 .text.file_get
                0x000000008080bdec      0x134 common/built-in.o
 .text.b_addchr
                0x000000008080bf20       0x42 common/built-in.o
 *fill*         0x000000008080bf62        0x2 
 .text.b_addqchr
                0x000000008080bf64       0x30 common/built-in.o
 .text.static_peek
                0x000000008080bf94        0x6 common/built-in.o
 *fill*         0x000000008080bf9a        0x2 
 .text.get_local_var
                0x000000008080bf9c       0x58 common/built-in.o
                0x000000008080bf9c                get_local_var
 .text.set_local_var
                0x000000008080bff4      0x10c common/built-in.o
                0x000000008080bff4                set_local_var
 .text.insert_var_value_sub
                0x000000008080c100      0x1c0 common/built-in.o
 .text.parse_string_outer
                0x000000008080c2c0       0x94 common/built-in.o
                0x000000008080c2c0                parse_string_outer
 .text.run_list_real
                0x000000008080c354      0x4d4 common/built-in.o
 .text.parse_stream_outer
                0x000000008080c828      0x43c common/built-in.o
 .text.parse_file_outer
                0x000000008080cc64       0x2c common/built-in.o
                0x000000008080cc64                parse_file_outer
 .text.u_boot_hush_start
                0x000000008080cc90       0x30 common/built-in.o
                0x000000008080cc90                u_boot_hush_start
 .text.bootdelay_process
                0x000000008080ccc0       0x78 common/built-in.o
                0x000000008080ccc0                bootdelay_process
 .text.autoboot_command
                0x000000008080cd38       0x88 common/built-in.o
                0x000000008080cd38                autoboot_command
 .text.setup_mon_len
                0x000000008080cdc0       0x18 common/built-in.o
 .text.reserve_round_4k
                0x000000008080cdd8       0x14 common/built-in.o
 .text.reserve_mmu
                0x000000008080cdec       0x2e common/built-in.o
 .text.reserve_uboot
                0x000000008080ce1a       0x2a common/built-in.o
 .text.reserve_malloc
                0x000000008080ce44       0x10 common/built-in.o
 .text.setup_machine
                0x000000008080ce54        0xe common/built-in.o
 .text.reserve_global_data
                0x000000008080ce62       0x16 common/built-in.o
 .text.reserve_fdt
                0x000000008080ce78       0x3a common/built-in.o
 .text.initf_console_record
                0x000000008080ceb2        0x4 common/built-in.o
 .text.arch_cpu_init_dm
                0x000000008080ceb6        0x4 common/built-in.o
                0x000000008080ceb6                arch_cpu_init_dm
 .text.init_func_watchdog_reset
                0x000000008080ceba        0xa common/built-in.o
                0x000000008080ceba                init_func_watchdog_reset
 .text.announce_dram_init
                0x000000008080cec4       0x10 common/built-in.o
 .text.init_func_watchdog_init
                0x000000008080ced4       0x14 common/built-in.o
 .text.init_func_i2c
                0x000000008080cee8       0x20 common/built-in.o
 .text.init_baud_rate
                0x000000008080cf08       0x1c common/built-in.o
 .text.mark_bootstage
                0x000000008080cf24        0xc common/built-in.o
 .text.initf_dm
                0x000000008080cf30        0x6 common/built-in.o
 .text.setup_reloc
                0x000000008080cf36       0x26 common/built-in.o
 .text.reloc_fdt
                0x000000008080cf5c       0x2c common/built-in.o
 .text.reserve_board
                0x000000008080cf88       0x28 common/built-in.o
 .text.reserve_arch
                0x000000008080cfb0        0x4 common/built-in.o
                0x000000008080cfb0                reserve_arch
 .text.display_text_info
                0x000000008080cfb4        0x4 common/built-in.o
 .text.arch_cpu_init
                0x000000008080cfb8        0x4 common/built-in.o
                0x000000008080cfb8                arch_cpu_init
 .text.reserve_trace
                0x000000008080cfbc        0x4 common/built-in.o
 .text.display_new_sp
                0x000000008080cfc0        0x4 common/built-in.o
 .text.coloured_LED_init
                0x000000008080cfc4        0x2 common/built-in.o
                0x000000008080cfc4                coloured_LED_init
 .text.red_led_on
                0x000000008080cfc6        0x2 common/built-in.o
                0x000000008080cfc6                red_led_on
 .text.board_add_ram_info
                0x000000008080cfc8        0x2 common/built-in.o
                0x000000008080cfc8                board_add_ram_info
 *fill*         0x000000008080cfca        0x2 
 .text.show_dram_config
                0x000000008080cfcc       0x28 common/built-in.o
 .text.setup_dram_config
                0x000000008080cff4        0xa common/built-in.o
 .text.board_get_usable_ram_top
                0x000000008080cffe       0x10 common/built-in.o
                0x000000008080cffe                board_get_usable_ram_top
 .text.board_reserve_ram_top
                0x000000008080d00e        0x2 common/built-in.o
                0x000000008080d00e                board_reserve_ram_top
 .text.setup_dest_addr
                0x000000008080d010       0x3c common/built-in.o
 .text.reserve_stacks
                0x000000008080d04c       0x1a common/built-in.o
 *fill*         0x000000008080d066        0x2 
 .text.board_init_f
                0x000000008080d068       0x20 common/built-in.o
                0x000000008080d068                board_init_f
 .text.bootstage_relocate
                0x000000008080d088        0x4 common/built-in.o
 .text.initr_reloc
                0x000000008080d08c       0x14 common/built-in.o
 .text.power_init_board
                0x000000008080d0a0        0x4 common/built-in.o
                0x000000008080d0a0                power_init_board
 .text.initr_announce
                0x000000008080d0a4        0x4 common/built-in.o
 .text.run_main_loop
                0x000000008080d0a8        0x8 common/built-in.o
 .text.initr_net
                0x000000008080d0b0       0x14 common/built-in.o
 .text.initr_ethaddr
                0x000000008080d0c4       0x18 common/built-in.o
 .text.initr_enable_interrupts
                0x000000008080d0dc        0xa common/built-in.o
 .text.initr_jumptable
                0x000000008080d0e6        0xa common/built-in.o
 .text.initr_env
                0x000000008080d0f0       0x20 common/built-in.o
 .text.initr_mmc
                0x000000008080d110       0x18 common/built-in.o
 .text.initr_serial
                0x000000008080d128        0xa common/built-in.o
 .text.initr_bootstage
                0x000000008080d132        0xc common/built-in.o
 .text.initr_dm
                0x000000008080d13e       0x12 common/built-in.o
 .text.initr_malloc
                0x000000008080d150       0x16 common/built-in.o
 *fill*         0x000000008080d166        0x2 
 .text.initr_reloc_global_data
                0x000000008080d168       0x28 common/built-in.o
 .text.initr_caches
                0x000000008080d190        0xa common/built-in.o
 .text.initr_console_record
                0x000000008080d19a        0x4 common/built-in.o
 .text.initr_trace
                0x000000008080d19e        0x4 common/built-in.o
 .text.initr_barrier
                0x000000008080d1a2        0x4 common/built-in.o
 .text.cpu_secondary_init_r
                0x000000008080d1a6        0x2 common/built-in.o
                0x000000008080d1a6                cpu_secondary_init_r
 .text.initr_secondary_cpu
                0x000000008080d1a8        0xa common/built-in.o
 *fill*         0x000000008080d1b2        0x2 
 .text.board_init_r
                0x000000008080d1b4       0x10 common/built-in.o
                0x000000008080d1b4                board_init_r
 .text.bootm_find_images
                0x000000008080d1c4       0x88 common/built-in.o
                0x000000008080d1c4                bootm_find_images
 .text.bootm_decomp_image
                0x000000008080d24c      0x100 common/built-in.o
                0x000000008080d24c                bootm_decomp_image
 .text.bootm_disable_interrupts
                0x000000008080d34c       0x10 common/built-in.o
                0x000000008080d34c                bootm_disable_interrupts
 .text.do_bootm_states
                0x000000008080d35c      0x640 common/built-in.o
                0x000000008080d35c                do_bootm_states
 .text.copy_args
                0x000000008080d99c       0x3a common/built-in.o
 *fill*         0x000000008080d9d6        0x2 
 .text.do_bootm_rtems
                0x000000008080d9d8       0x4c common/built-in.o
 .text.do_bootm_plan9
                0x000000008080da24       0x88 common/built-in.o
 .text.do_bootm_standalone
                0x000000008080daac       0x40 common/built-in.o
 .text.do_bootm_qnxelf
                0x000000008080daec       0x5c common/built-in.o
 .text.do_bootm_netbsd
                0x000000008080db48       0xc4 common/built-in.o
 .text.do_bootvx_fdt
                0x000000008080dc0c       0xcc common/built-in.o
                0x000000008080dc0c                do_bootvx_fdt
 .text.do_bootm_vxworks
                0x000000008080dcd8       0x38 common/built-in.o
 .text.arch_preboot_os
                0x000000008080dd10        0x2 common/built-in.o
                0x000000008080dd10                arch_preboot_os
 .text.boot_selected_os
                0x000000008080dd12       0x3a common/built-in.o
                0x000000008080dd12                boot_selected_os
 .text.bootm_os_get_boot_func
                0x000000008080dd4c        0xc common/built-in.o
                0x000000008080dd4c                bootm_os_get_boot_func
 .text.regex_callback
                0x000000008080dd58       0xd0 common/built-in.o
 .text.env_attr_walk
                0x000000008080de28       0xbe common/built-in.o
                0x000000008080de28                env_attr_walk
 *fill*         0x000000008080dee6        0x2 
 .text.env_attr_lookup
                0x000000008080dee8       0x50 common/built-in.o
                0x000000008080dee8                env_attr_lookup
 .text.clear_callback
                0x000000008080df38        0x8 common/built-in.o
 .text.find_env_callback
                0x000000008080df40       0x3c common/built-in.o
 .text.on_callbacks
                0x000000008080df7c       0x38 common/built-in.o
 .text.set_callback
                0x000000008080dfb4       0x50 common/built-in.o
 .text.env_callback_init
                0x000000008080e004       0x78 common/built-in.o
                0x000000008080e004                env_callback_init
 .text.skip_num
                0x000000008080e07c       0x44 common/built-in.o
 .text.clear_flags
                0x000000008080e0c0        0x8 common/built-in.o
 .text.on_flags
                0x000000008080e0c8       0x38 common/built-in.o
 .text.env_flags_parse_vartype
                0x000000008080e100       0x30 common/built-in.o
                0x000000008080e100                env_flags_parse_vartype
 .text.env_flags_parse_varaccess
                0x000000008080e130       0x38 common/built-in.o
                0x000000008080e130                env_flags_parse_varaccess
 .text.set_flags
                0x000000008080e168       0x68 common/built-in.o
 .text.eth_validate_ethaddr_str
                0x000000008080e1d0       0x50 common/built-in.o
                0x000000008080e1d0                eth_validate_ethaddr_str
 .text.env_flags_init
                0x000000008080e220       0x90 common/built-in.o
                0x000000008080e220                env_flags_init
 .text.env_flags_validate
                0x000000008080e2b0      0x1c0 common/built-in.o
                0x000000008080e2b0                env_flags_validate
 .text.env_relocate_spec
                0x000000008080e470        0x2 common/built-in.o
                0x000000008080e470                env_relocate_spec
 *fill*         0x000000008080e472        0x2 
 .text.env_init
                0x000000008080e474       0x14 common/built-in.o
                0x000000008080e474                env_init
 .text.fdt_find_and_setprop
                0x000000008080e488       0x48 common/built-in.o
                0x000000008080e488                fdt_find_and_setprop
 .text.fdt_find_or_add_subnode
                0x000000008080e4d0       0x40 common/built-in.o
                0x000000008080e4d0                fdt_find_or_add_subnode
 .text.fdt_root
                0x000000008080e510       0x60 common/built-in.o
                0x000000008080e510                fdt_root
 .text.fdt_initrd
                0x000000008080e570      0x12c common/built-in.o
                0x000000008080e570                fdt_initrd
 .text.fdt_chosen
                0x000000008080e69c       0x6c common/built-in.o
                0x000000008080e69c                fdt_chosen
 .text.do_fixup_by_path
                0x000000008080e708       0x34 common/built-in.o
                0x000000008080e708                do_fixup_by_path
 .text.fdt_fixup_memory_banks
                0x000000008080e73c      0x128 common/built-in.o
                0x000000008080e73c                fdt_fixup_memory_banks
 .text.fdt_fixup_memory
                0x000000008080e864       0x16 common/built-in.o
                0x000000008080e864                fdt_fixup_memory
 *fill*         0x000000008080e87a        0x2 
 .text.fdt_fixup_ethernet
                0x000000008080e87c      0x104 common/built-in.o
                0x000000008080e87c                fdt_fixup_ethernet
 .text.fdt_shrink_to_minimum
                0x000000008080e980       0x84 common/built-in.o
                0x000000008080e980                fdt_shrink_to_minimum
 .text.miiphy_get_dev_by_name
                0x000000008080ea04       0x38 common/built-in.o
                0x000000008080ea04                miiphy_get_dev_by_name
 .text.miiphy_init
                0x000000008080ea3c       0x18 common/built-in.o
                0x000000008080ea3c                miiphy_init
 .text.mdio_alloc
                0x000000008080ea54       0x1c common/built-in.o
                0x000000008080ea54                mdio_alloc
 .text.mdio_register
                0x000000008080ea70       0x50 common/built-in.o
                0x000000008080ea70                mdio_register
 .text.mdio_list_devices
                0x000000008080eac0       0x74 common/built-in.o
                0x000000008080eac0                mdio_list_devices
 .text.miiphy_set_current_dev
                0x000000008080eb34       0x28 common/built-in.o
                0x000000008080eb34                miiphy_set_current_dev
 .text.miiphy_get_active_dev
                0x000000008080eb5c       0x30 common/built-in.o
 .text.mdio_get_current_dev
                0x000000008080eb8c        0xc common/built-in.o
                0x000000008080eb8c                mdio_get_current_dev
 .text.mdio_phydev_for_ethname
                0x000000008080eb98       0x54 common/built-in.o
                0x000000008080eb98                mdio_phydev_for_ethname
 .text.miiphy_get_current_dev
                0x000000008080ebec       0x10 common/built-in.o
                0x000000008080ebec                miiphy_get_current_dev
 .text.miiphy_read
                0x000000008080ebfc       0x28 common/built-in.o
                0x000000008080ebfc                miiphy_read
 .text.miiphy_write
                0x000000008080ec24       0x24 common/built-in.o
                0x000000008080ec24                miiphy_write
 .text.miiphy_listdev
                0x000000008080ec48       0x54 common/built-in.o
                0x000000008080ec48                miiphy_listdev
 .text.miiphy_info
                0x000000008080ec9c       0x5c common/built-in.o
                0x000000008080ec9c                miiphy_info
 .text.miiphy_is_1000base_x
                0x000000008080ecf8       0x30 common/built-in.o
                0x000000008080ecf8                miiphy_is_1000base_x
 .text.miiphy_speed
                0x000000008080ed28       0x98 common/built-in.o
                0x000000008080ed28                miiphy_speed
 .text.miiphy_duplex
                0x000000008080edc0       0xb4 common/built-in.o
                0x000000008080edc0                miiphy_duplex
 .text.usb_set_maxpacket_ep
                0x000000008080ee74       0x54 common/built-in.o
 .text.usb_stop
                0x000000008080eec8       0x38 common/built-in.o
                0x000000008080eec8                usb_stop
 .text.usb_disable_asynch
                0x000000008080ef00       0x14 common/built-in.o
                0x000000008080ef00                usb_disable_asynch
 .text.usb_control_msg
                0x000000008080ef14       0x80 common/built-in.o
                0x000000008080ef14                usb_control_msg
 .text.usb_get_descriptor
                0x000000008080ef94       0x36 common/built-in.o
 *fill*         0x000000008080efca        0x2 
 .text.get_descriptor_len
                0x000000008080efcc       0x60 common/built-in.o
 .text.usb_get_string
                0x000000008080f02c       0x50 common/built-in.o
 .text.usb_string_sub
                0x000000008080f07c       0x94 common/built-in.o
 .text.usb_bulk_msg
                0x000000008080f110       0x46 common/built-in.o
                0x000000008080f110                usb_bulk_msg
 .text.usb_maxpacket
                0x000000008080f156       0x1a common/built-in.o
                0x000000008080f156                usb_maxpacket
 .text.usb_clear_halt
                0x000000008080f170       0x5c common/built-in.o
                0x000000008080f170                usb_clear_halt
 .text.usb_get_configuration_len
                0x000000008080f1cc       0x50 common/built-in.o
                0x000000008080f1cc                usb_get_configuration_len
 .text.usb_get_configuration_no
                0x000000008080f21c       0x1c common/built-in.o
                0x000000008080f21c                usb_get_configuration_no
 .text.usb_set_interface
                0x000000008080f238       0x78 common/built-in.o
                0x000000008080f238                usb_set_interface
 .text.usb_string
                0x000000008080f2b0       0x9c common/built-in.o
                0x000000008080f2b0                usb_string
 .text.usb_get_dev_index
                0x000000008080f34c       0x18 common/built-in.o
                0x000000008080f34c                usb_get_dev_index
 .text.usb_alloc_new_device
                0x000000008080f364       0x64 common/built-in.o
                0x000000008080f364                usb_alloc_new_device
 .text.usb_free_device
                0x000000008080f3c8       0x30 common/built-in.o
                0x000000008080f3c8                usb_free_device
 .text.usb_alloc_device
                0x000000008080f3f8        0x4 common/built-in.o
                0x000000008080f3f8                usb_alloc_device
 .text.usb_select_config
                0x000000008080f3fc      0x314 common/built-in.o
                0x000000008080f3fc                usb_select_config
 .text.usb_setup_device
                0x000000008080f710       0xf8 common/built-in.o
                0x000000008080f710                usb_setup_device
 .text.usb_new_device
                0x000000008080f808       0x1e common/built-in.o
                0x000000008080f808                usb_new_device
 *fill*         0x000000008080f826        0x2 
 .text.usb_init
                0x000000008080f828       0xdc common/built-in.o
                0x000000008080f828                usb_init
 .text.board_usb_init
                0x000000008080f904        0x4 common/built-in.o
                0x000000008080f904                board_usb_init
 .text.board_usb_cleanup
                0x000000008080f908        0x4 common/built-in.o
                0x000000008080f908                board_usb_cleanup
 .text.usb_device_has_child_on_port
                0x000000008080f90c       0x10 common/built-in.o
                0x000000008080f90c                usb_device_has_child_on_port
 .text.usb_find_usb2_hub_address_port
                0x000000008080f91c       0x38 common/built-in.o
                0x000000008080f91c                usb_find_usb2_hub_address_port
 .text.usb_set_port_feature
                0x000000008080f954       0x2e common/built-in.o
 .text.usb_clear_port_feature
                0x000000008080f982       0x2e common/built-in.o
 .text.usb_get_hub_descriptor
                0x000000008080f9b0       0x34 common/built-in.o
 .text.usb_hub_reset_devices
                0x000000008080f9e4        0x2 common/built-in.o
                0x000000008080f9e4                usb_hub_reset_devices
 .text.usb_get_port_status
                0x000000008080f9e6       0x30 common/built-in.o
                0x000000008080f9e6                usb_get_port_status
 *fill*         0x000000008080fa16        0x2 
 .text.usb_hub_reset
                0x000000008080fa18       0x18 common/built-in.o
                0x000000008080fa18                usb_hub_reset
 .text.legacy_hub_port_reset
                0x000000008080fa30       0x6a common/built-in.o
                0x000000008080fa30                legacy_hub_port_reset
 *fill*         0x000000008080fa9a        0x2 
 .text.usb_hub_port_connect_change
                0x000000008080fa9c       0xf8 common/built-in.o
                0x000000008080fa9c                usb_hub_port_connect_change
 .text.usb_hub_configure
                0x000000008080fb94      0x338 common/built-in.o
 .text.usb_hub_probe
                0x000000008080fecc       0x3a common/built-in.o
                0x000000008080fecc                usb_hub_probe
 .text.usb_stor_irq
                0x000000008080ff06       0x10 common/built-in.o
 .text.usb_stor_BBB_reset
                0x000000008080ff16       0x8e common/built-in.o
 .text.usb_stor_CB_reset
                0x000000008080ffa4       0x88 common/built-in.o
 .text.usb_stor_BBB_clear_endpt_stall.isra.2
                0x000000008081002c       0x2c common/built-in.o
 .text.usb_stor_BBB_transport
                0x0000000080810058      0x1a0 common/built-in.o
 .text.usb_stor_CB_comdat
                0x00000000808101f8      0x154 common/built-in.o
 .text.usb_stor_CBI_get_status.isra.4
                0x000000008081034c       0x7c common/built-in.o
 .text.usb_stor_CB_transport
                0x00000000808103c8      0x160 common/built-in.o
 .text.usb_request_sense.constprop.10
                0x0000000080810528       0x4c common/built-in.o
 .text.usb_stor_read
                0x0000000080810574       0xf8 common/built-in.o
 .text.usb_stor_write
                0x000000008081066c       0xf8 common/built-in.o
 .text.usb_stor_get_dev
                0x0000000080810764       0x1c common/built-in.o
                0x0000000080810764                usb_stor_get_dev
 .text.usb_stor_info
                0x0000000080810780       0x4c common/built-in.o
                0x0000000080810780                usb_stor_info
 .text.usb_storage_probe
                0x00000000808107cc      0x15c common/built-in.o
                0x00000000808107cc                usb_storage_probe
 .text.usb_stor_get_info
                0x0000000080810928      0x224 common/built-in.o
                0x0000000080810928                usb_stor_get_info
 .text.usb_stor_scan
                0x0000000080810b4c      0x14c common/built-in.o
                0x0000000080810b4c                usb_stor_scan
 .text.menu_display_statusline
                0x0000000080810c98        0x2 common/built-in.o
                0x0000000080810c98                menu_display_statusline
 .text.menu_default_set
                0x0000000080810c9a       0x52 common/built-in.o
                0x0000000080810c9a                menu_default_set
 .text.menu_get_choice
                0x0000000080810cec      0x124 common/built-in.o
                0x0000000080810cec                menu_get_choice
 .text.menu_item_add
                0x0000000080810e10       0x86 common/built-in.o
                0x0000000080810e10                menu_item_add
 .text.menu_create
                0x0000000080810e96       0x54 common/built-in.o
                0x0000000080810e96                menu_create
 .text.menu_destroy
                0x0000000080810eea       0x44 common/built-in.o
                0x0000000080810eea                menu_destroy
 .text.env_get_char_spec
                0x0000000080810f2e        0x8 common/built-in.o
                0x0000000080810f2e                env_get_char_spec
 *fill*         0x0000000080810f36        0x2 
 .text.env_get_addr
                0x0000000080810f38       0x18 common/built-in.o
                0x0000000080810f38                env_get_addr
 .text.env_get_char_memory
                0x0000000080810f50        0xa common/built-in.o
                0x0000000080810f50                env_get_char_memory
 *fill*         0x0000000080810f5a        0x2 
 .text.env_get_char
                0x0000000080810f5c       0x20 common/built-in.o
                0x0000000080810f5c                env_get_char
 .text.getenv_yesno
                0x0000000080810f7c       0x2a common/built-in.o
                0x0000000080810f7c                getenv_yesno
 .text.getenv_default
                0x0000000080810fa6       0x2a common/built-in.o
                0x0000000080810fa6                getenv_default
 .text.set_default_env
                0x0000000080810fd0       0x80 common/built-in.o
                0x0000000080810fd0                set_default_env
 .text.set_default_vars
                0x0000000080811050       0x28 common/built-in.o
                0x0000000080811050                set_default_vars
 .text.env_relocate
                0x0000000080811078        0xe common/built-in.o
                0x0000000080811078                env_relocate
 *fill*         0x0000000080811086        0x2 
 .text.env_complete
                0x0000000080811088       0x8c common/built-in.o
                0x0000000080811088                env_complete
 .text.console_setfile
                0x0000000080811114       0x74 common/built-in.o
 .text.putc     0x0000000080811188       0x24 common/built-in.o
                0x0000000080811188                putc
 .text.puts     0x00000000808111ac       0x24 common/built-in.o
                0x00000000808111ac                puts
 .text.fgetc    0x00000000808111d0       0x18 common/built-in.o
                0x00000000808111d0                fgetc
 .text.getc     0x00000000808111e8       0x1a common/built-in.o
                0x00000000808111e8                getc
 *fill*         0x0000000080811202        0x2 
 .text.ftstc    0x0000000080811204       0x18 common/built-in.o
                0x0000000080811204                ftstc
 .text.tstc     0x000000008081121c       0x1a common/built-in.o
                0x000000008081121c                tstc
 *fill*         0x0000000080811236        0x2 
 .text.ctrlc    0x0000000080811238       0x38 common/built-in.o
                0x0000000080811238                ctrlc
 .text.had_ctrlc
                0x0000000080811270        0xc common/built-in.o
                0x0000000080811270                had_ctrlc
 .text.clear_ctrlc
                0x000000008081127c        0xc common/built-in.o
                0x000000008081127c                clear_ctrlc
 .text.search_device
                0x0000000080811288       0x16 common/built-in.o
                0x0000000080811288                search_device
 .text.console_assign
                0x000000008081129e       0x2a common/built-in.o
                0x000000008081129e                console_assign
 .text.on_console
                0x00000000808112c8       0x70 common/built-in.o
 .text.console_init_f
                0x0000000080811338        0xa common/built-in.o
                0x0000000080811338                console_init_f
 *fill*         0x0000000080811342        0x2 
 .text.console_init_r
                0x0000000080811344       0x88 common/built-in.o
                0x0000000080811344                console_init_r
 .text.sbrk     0x00000000808113cc       0x44 common/built-in.o
                0x00000000808113cc                sbrk
 .text.mem_malloc_init
                0x0000000080811410       0x28 common/built-in.o
                0x0000000080811410                mem_malloc_init
 .text.malloc_trim
                0x0000000080811438       0x80 common/built-in.o
                0x0000000080811438                malloc_trim
 .text.free     0x00000000808114b8      0x168 common/built-in.o
                0x00000000808114b8                free
 .text.malloc   0x0000000080811620      0x3fc common/built-in.o
                0x0000000080811620                malloc
 .text.calloc   0x0000000080811a1c       0xbc common/built-in.o
                0x0000000080811a1c                calloc
 .text.realloc  0x0000000080811ad8      0x2e4 common/built-in.o
                0x0000000080811ad8                realloc
 .text.memalign
                0x0000000080811dbc       0xe6 common/built-in.o
                0x0000000080811dbc                memalign
 .text.initf_malloc
                0x0000000080811ea2       0x14 common/built-in.o
                0x0000000080811ea2                initf_malloc
 .text.malloc_simple
                0x0000000080811eb6       0x28 common/built-in.o
                0x0000000080811eb6                malloc_simple
 *fill*         0x0000000080811ede        0x2 
 .text.on_loadaddr
                0x0000000080811ee0       0x20 common/built-in.o
 .text.image_check_hcrc
                0x0000000080811f00       0x2a common/built-in.o
                0x0000000080811f00                image_check_hcrc
 .text.image_check_dcrc
                0x0000000080811f2a       0x22 common/built-in.o
                0x0000000080811f2a                image_check_dcrc
 .text.image_multi_count
                0x0000000080811f4c       0x12 common/built-in.o
                0x0000000080811f4c                image_multi_count
 .text.image_multi_getimg
                0x0000000080811f5e       0x4c common/built-in.o
                0x0000000080811f5e                image_multi_getimg
 *fill*         0x0000000080811faa        0x2 
 .text.getenv_bootm_low
                0x0000000080811fac       0x20 common/built-in.o
                0x0000000080811fac                getenv_bootm_low
 .text.getenv_bootm_size
                0x0000000080811fcc       0x44 common/built-in.o
                0x0000000080811fcc                getenv_bootm_size
 .text.getenv_bootm_mapsize
                0x0000000080812010       0x20 common/built-in.o
                0x0000000080812010                getenv_bootm_mapsize
 .text.memmove_wd
                0x0000000080812030       0x4c common/built-in.o
                0x0000000080812030                memmove_wd
 .text.genimg_print_size
                0x000000008081207c       0x24 common/built-in.o
                0x000000008081207c                genimg_print_size
 .text.get_table_entry
                0x00000000808120a0       0x12 common/built-in.o
                0x00000000808120a0                get_table_entry
 .text.get_table_entry_name
                0x00000000808120b2       0x14 common/built-in.o
                0x00000000808120b2                get_table_entry_name
 *fill*         0x00000000808120c6        0x2 
 .text.genimg_get_os_name
                0x00000000808120c8       0x14 common/built-in.o
                0x00000000808120c8                genimg_get_os_name
 .text.genimg_get_arch_name
                0x00000000808120dc       0x14 common/built-in.o
                0x00000000808120dc                genimg_get_arch_name
 .text.genimg_get_type_name
                0x00000000808120f0       0x14 common/built-in.o
                0x00000000808120f0                genimg_get_type_name
 .text.genimg_get_comp_name
                0x0000000080812104       0x14 common/built-in.o
                0x0000000080812104                genimg_get_comp_name
 .text.image_print_contents
                0x0000000080812118       0xf8 common/built-in.o
                0x0000000080812118                image_print_contents
 .text.get_table_entry_id
                0x0000000080812210       0x26 common/built-in.o
                0x0000000080812210                get_table_entry_id
 *fill*         0x0000000080812236        0x2 
 .text.genimg_get_os_id
                0x0000000080812238       0x14 common/built-in.o
                0x0000000080812238                genimg_get_os_id
 .text.genimg_get_arch_id
                0x000000008081224c       0x14 common/built-in.o
                0x000000008081224c                genimg_get_arch_id
 .text.genimg_get_type_id
                0x0000000080812260       0x14 common/built-in.o
                0x0000000080812260                genimg_get_type_id
 .text.genimg_get_comp_id
                0x0000000080812274       0x14 common/built-in.o
                0x0000000080812274                genimg_get_comp_id
 .text.genimg_get_kernel_addr_fit
                0x0000000080812288       0x40 common/built-in.o
                0x0000000080812288                genimg_get_kernel_addr_fit
 .text.genimg_get_kernel_addr
                0x00000000808122c8       0x18 common/built-in.o
                0x00000000808122c8                genimg_get_kernel_addr
 .text.genimg_get_format
                0x00000000808122e0       0x20 common/built-in.o
                0x00000000808122e0                genimg_get_format
 .text.genimg_get_image
                0x0000000080812300        0x2 common/built-in.o
                0x0000000080812300                genimg_get_image
 .text.genimg_has_config
                0x0000000080812302        0xa common/built-in.o
                0x0000000080812302                genimg_has_config
 .text.boot_get_ramdisk
                0x000000008081230c      0x230 common/built-in.o
                0x000000008081230c                boot_get_ramdisk
 .text.boot_ramdisk_high
                0x000000008081253c       0xcc common/built-in.o
                0x000000008081253c                boot_ramdisk_high
 .text.boot_get_setup
                0x0000000080812608        0x4 common/built-in.o
                0x0000000080812608                boot_get_setup
 .text.boot_get_loadable
                0x000000008081260c       0x88 common/built-in.o
                0x000000008081260c                boot_get_loadable
 .text.image_setup_linux
                0x0000000080812694       0x5c common/built-in.o
                0x0000000080812694                image_setup_linux
 .text.fdt_error
                0x00000000808126f0       0x24 common/built-in.o
 .text.boot_fdt_add_mem_rsv_regions
                0x0000000080812714       0x5c common/built-in.o
                0x0000000080812714                boot_fdt_add_mem_rsv_regions
 .text.boot_relocate_fdt
                0x0000000080812770      0x10c common/built-in.o
                0x0000000080812770                boot_relocate_fdt
 .text.boot_get_fdt
                0x000000008081287c      0x25c common/built-in.o
                0x000000008081287c                boot_get_fdt
 .text.ft_verify_fdt
                0x0000000080812ad8        0x4 common/built-in.o
                0x0000000080812ad8                ft_verify_fdt
 .text.image_setup_libfdt
                0x0000000080812adc       0xcc common/built-in.o
                0x0000000080812adc                image_setup_libfdt
 .text.fit_image_get_address
                0x0000000080812ba8       0x3c common/built-in.o
 .text.fit_parse_conf
                0x0000000080812be4       0x3e common/built-in.o
                0x0000000080812be4                fit_parse_conf
 .text.fit_parse_subimage
                0x0000000080812c22       0x3e common/built-in.o
                0x0000000080812c22                fit_parse_subimage
 .text.fit_get_desc
                0x0000000080812c60       0x20 common/built-in.o
                0x0000000080812c60                fit_get_desc
 .text.fit_image_get_node
                0x0000000080812c80       0x24 common/built-in.o
                0x0000000080812c80                fit_image_get_node
 .text.fit_image_get_os
                0x0000000080812ca4       0x28 common/built-in.o
                0x0000000080812ca4                fit_image_get_os
 .text.fit_image_get_arch
                0x0000000080812ccc       0x28 common/built-in.o
                0x0000000080812ccc                fit_image_get_arch
 .text.fit_image_get_type
                0x0000000080812cf4       0x28 common/built-in.o
                0x0000000080812cf4                fit_image_get_type
 .text.fit_image_get_comp
                0x0000000080812d1c       0x28 common/built-in.o
                0x0000000080812d1c                fit_image_get_comp
 .text.fit_image_get_load
                0x0000000080812d44        0xc common/built-in.o
                0x0000000080812d44                fit_image_get_load
 .text.fit_image_get_entry
                0x0000000080812d50        0xc common/built-in.o
                0x0000000080812d50                fit_image_get_entry
 .text.fit_image_get_data
                0x0000000080812d5c       0x28 common/built-in.o
                0x0000000080812d5c                fit_image_get_data
 .text.fit_image_hash_get_algo
                0x0000000080812d84       0x20 common/built-in.o
                0x0000000080812d84                fit_image_hash_get_algo
 .text.fit_image_hash_get_value
                0x0000000080812da4       0x28 common/built-in.o
                0x0000000080812da4                fit_image_hash_get_value
 .text.fit_image_print_data
                0x0000000080812dcc       0xd8 common/built-in.o
 .text.fit_image_print
                0x0000000080812ea4      0x224 common/built-in.o
                0x0000000080812ea4                fit_image_print
 .text.fit_get_end
                0x00000000808130c8        0x8 common/built-in.o
                0x00000000808130c8                fit_get_end
 .text.calculate_hash
                0x00000000808130d0       0xa8 common/built-in.o
                0x00000000808130d0                calculate_hash
 .text.fit_image_verify
                0x0000000080813178      0x158 common/built-in.o
                0x0000000080813178                fit_image_verify
 .text.fit_all_image_verify
                0x00000000808132d0       0xa4 common/built-in.o
                0x00000000808132d0                fit_all_image_verify
 .text.fit_image_check_os
                0x0000000080813374       0x20 common/built-in.o
                0x0000000080813374                fit_image_check_os
 .text.fit_image_check_arch
                0x0000000080813394       0x2c common/built-in.o
                0x0000000080813394                fit_image_check_arch
 .text.fit_image_check_type
                0x00000000808133c0       0x20 common/built-in.o
                0x00000000808133c0                fit_image_check_type
 .text.fit_image_check_comp
                0x00000000808133e0       0x20 common/built-in.o
                0x00000000808133e0                fit_image_check_comp
 .text.fit_check_format
                0x0000000080813400       0x28 common/built-in.o
                0x0000000080813400                fit_check_format
 .text.fit_conf_get_node
                0x0000000080813428       0x40 common/built-in.o
                0x0000000080813428                fit_conf_get_node
 .text.fit_conf_get_prop_node
                0x0000000080813468       0x1c common/built-in.o
                0x0000000080813468                fit_conf_get_prop_node
 .text.fit_conf_print
                0x0000000080813484       0xf8 common/built-in.o
                0x0000000080813484                fit_conf_print
 .text.fit_print_contents
                0x000000008081357c      0x154 common/built-in.o
                0x000000008081357c                fit_print_contents
 .text.fit_get_node_from_config
                0x00000000808136d0       0x2a common/built-in.o
                0x00000000808136d0                fit_get_node_from_config
 *fill*         0x00000000808136fa        0x2 
 .text.fit_image_load
                0x00000000808136fc      0x368 common/built-in.o
                0x00000000808136fc                fit_image_load
 .text.boot_get_setup_fit
                0x0000000080813a64       0x40 common/built-in.o
                0x0000000080813a64                boot_get_setup_fit
 .text.get_ram_size
                0x0000000080813aa4       0x90 common/built-in.o
                0x0000000080813aa4                get_ram_size
 .text.get_effective_memsize
                0x0000000080813b34        0x6 common/built-in.o
                0x0000000080813b34                get_effective_memsize
 .text.stdio_serial_tstc
                0x0000000080813b3a        0x4 common/built-in.o
 .text.stdio_serial_getc
                0x0000000080813b3e        0x4 common/built-in.o
 .text.stdio_serial_puts
                0x0000000080813b42        0x6 common/built-in.o
 .text.stdio_serial_putc
                0x0000000080813b48        0x6 common/built-in.o
 *fill*         0x0000000080813b4e        0x2 
 .text.stdio_get_list
                0x0000000080813b50        0x8 common/built-in.o
                0x0000000080813b50                stdio_get_list
 .text.stdio_get_by_name
                0x0000000080813b58       0x30 common/built-in.o
                0x0000000080813b58                stdio_get_by_name
 .text.stdio_clone
                0x0000000080813b88       0x22 common/built-in.o
                0x0000000080813b88                stdio_clone
 *fill*         0x0000000080813baa        0x2 
 .text.stdio_register_dev
                0x0000000080813bac       0x30 common/built-in.o
                0x0000000080813bac                stdio_register_dev
 .text.stdio_register
                0x0000000080813bdc        0x6 common/built-in.o
                0x0000000080813bdc                stdio_register
 *fill*         0x0000000080813be2        0x2 
 .text.stdio_init_tables
                0x0000000080813be4       0x14 common/built-in.o
                0x0000000080813be4                stdio_init_tables
 .text.stdio_add_devices
                0x0000000080813bf8       0x54 common/built-in.o
                0x0000000080813bf8                stdio_add_devices
 .text.cli_simple_process_macros
                0x0000000080813c4c      0x124 common/built-in.o
                0x0000000080813c4c                cli_simple_process_macros
 .text.run_command
                0x0000000080813d70        0xe common/built-in.o
                0x0000000080813d70                run_command
 .text.run_command_list
                0x0000000080813d7e       0x46 common/built-in.o
                0x0000000080813d7e                run_command_list
 .text.do_run   0x0000000080813dc4       0x50 common/built-in.o
                0x0000000080813dc4                do_run
 .text.cli_loop
                0x0000000080813e14        0x8 common/built-in.o
                0x0000000080813e14                cli_loop
 .text.cli_init
                0x0000000080813e1c        0x4 common/built-in.o
                0x0000000080813e1c                cli_init
 .text.delete_char.part.0
                0x0000000080813e20       0x88 common/built-in.o
 .text.cread_add_char
                0x0000000080813ea8       0x80 common/built-in.o
 .text.cli_readline_into_buffer
                0x0000000080813f28      0x62c common/built-in.o
                0x0000000080813f28                cli_readline_into_buffer
 .text.cli_readline
                0x0000000080814554       0x10 common/built-in.o
                0x0000000080814554                cli_readline
 .text.find_cmd_tbl
                0x0000000080814564       0x64 common/built-in.o
                0x0000000080814564                find_cmd_tbl
 .text.find_cmd
                0x00000000808145c8       0x1c common/built-in.o
                0x00000000808145c8                find_cmd
 .text.cmd_usage
                0x00000000808145e4       0x3c common/built-in.o
                0x00000000808145e4                cmd_usage
 .text._do_help
                0x0000000080814620      0x104 common/built-in.o
                0x0000000080814620                _do_help
 .text.var_complete
                0x0000000080814724       0x48 common/built-in.o
                0x0000000080814724                var_complete
 .text.cmd_auto_complete
                0x000000008081476c      0x2f0 common/built-in.o
                0x000000008081476c                cmd_auto_complete
 .text.cmd_get_data_size
                0x0000000080814a5c       0x38 common/built-in.o
                0x0000000080814a5c                cmd_get_data_size
 .text.cmd_process
                0x0000000080814a94       0x94 common/built-in.o
                0x0000000080814a94                cmd_process
 .text.cmd_process_error
                0x0000000080814b28       0x1c common/built-in.o
                0x0000000080814b28                cmd_process_error
 .text.hex1_bin
                0x0000000080814b44       0x2a common/built-in.o
 .text.hex2_bin
                0x0000000080814b6e       0x24 common/built-in.o
 .text.srec_decode
                0x0000000080814b92      0x186 common/built-in.o
                0x0000000080814b92                srec_decode
 .text.CYGACC_COMM_IF_GETC_TIMEOUT.isra.0
                0x0000000080814d18       0x2c common/built-in.o
 .text.xyzModem_flush
                0x0000000080814d44       0x14 common/built-in.o
 .text.xyzModem_get_hdr
                0x0000000080814d58      0x170 common/built-in.o
 .text.xyzModem_stream_open
                0x0000000080814ec8      0x17c common/built-in.o
                0x0000000080814ec8                xyzModem_stream_open
 .text.xyzModem_stream_read
                0x0000000080815044      0x1c0 common/built-in.o
                0x0000000080815044                xyzModem_stream_read
 .text.xyzModem_stream_close
                0x0000000080815204       0x40 common/built-in.o
                0x0000000080815204                xyzModem_stream_close
 .text.xyzModem_stream_terminate
                0x0000000080815244       0x68 common/built-in.o
                0x0000000080815244                xyzModem_stream_terminate
 .text.xyzModem_error
                0x00000000808152ac       0x18 common/built-in.o
                0x00000000808152ac                xyzModem_error
 .text.get_dev_hwpart
                0x00000000808152c4       0x64 disk/built-in.o
 .text.blk_get_dev
                0x0000000080815328        0x6 disk/built-in.o
                0x0000000080815328                blk_get_dev
 *fill*         0x000000008081532e        0x2 
 .text.dev_print
                0x0000000080815330      0x154 disk/built-in.o
                0x0000000080815330                dev_print
 .text.part_init
                0x0000000080815484       0x2c disk/built-in.o
                0x0000000080815484                part_init
 .text.part_print
                0x00000000808154b0       0xb8 disk/built-in.o
                0x00000000808154b0                part_print
 .text.part_get_info
                0x0000000080815568       0x44 disk/built-in.o
                0x0000000080815568                part_get_info
 .text.blk_get_device_by_str
                0x00000000808155ac       0xb0 disk/built-in.o
                0x00000000808155ac                blk_get_device_by_str
 .text.blk_get_device_part_str
                0x000000008081565c      0x2b0 disk/built-in.o
                0x000000008081565c                blk_get_device_part_str
 .text.test_block_type
                0x000000008081590c       0x50 disk/built-in.o
 .text.print_partition_extended
                0x000000008081595c      0x1b8 disk/built-in.o
 .text.part_print_dos
                0x0000000080815b14       0x20 disk/built-in.o
                0x0000000080815b14                part_print_dos
 .text.part_test_dos
                0x0000000080815b34       0x40 disk/built-in.o
 .text.part_get_info_extended
                0x0000000080815b74      0x23c disk/built-in.o
 .text.part_get_info_dos
                0x0000000080815db0       0x16 disk/built-in.o
                0x0000000080815db0                part_get_info_dos
 .text.iso_dread
                0x0000000080815dc6       0x22 disk/built-in.o
                0x0000000080815dc6                iso_dread
 .text.part_get_info_iso_verb
                0x0000000080815de8      0x2cc disk/built-in.o
                0x0000000080815de8                part_get_info_iso_verb
 .text.part_test_iso
                0x00000000808160b4       0x14 disk/built-in.o
 .text.part_print_iso
                0x00000000808160c8       0x60 disk/built-in.o
 .text.part_get_info_iso
                0x0000000080816128        0x6 disk/built-in.o
 *fill*         0x000000008081612e        0x2 
 .text.print_efiname
                0x0000000080816130       0x38 disk/built-in.o
 .text.part_test_efi
                0x0000000080816168       0x76 disk/built-in.o
 *fill*         0x00000000808161de        0x2 
 .text.set_protective_mbr
                0x00000000808161e0       0x7c disk/built-in.o
 .text.validate_gpt_entries
                0x000000008081625c       0x80 disk/built-in.o
 *fill*         0x00000000808162dc        0x4 
 .text.validate_gpt_header
                0x00000000808162e0      0x1a0 disk/built-in.o
 .text.is_gpt_valid
                0x0000000080816480      0x138 disk/built-in.o
 .text.is_pte_valid
                0x00000000808165b8       0x38 disk/built-in.o
 .text.part_print_efi
                0x00000000808165f0      0x1fc disk/built-in.o
                0x00000000808165f0                part_print_efi
 .text.part_get_info_efi
                0x00000000808167ec      0x174 disk/built-in.o
                0x00000000808167ec                part_get_info_efi
 .text.write_gpt_table
                0x0000000080816960      0x2bc disk/built-in.o
                0x0000000080816960                write_gpt_table
 .text.gpt_fill_pte
                0x0000000080816c1c      0x220 disk/built-in.o
                0x0000000080816c1c                gpt_fill_pte
 .text.gpt_fill_header
                0x0000000080816e3c      0x136 disk/built-in.o
                0x0000000080816e3c                gpt_fill_header
 *fill*         0x0000000080816f72        0x2 
 .text.gpt_restore
                0x0000000080816f74       0xa4 disk/built-in.o
                0x0000000080816f74                gpt_restore
 .text.gpt_verify_headers
                0x0000000080817018       0x54 disk/built-in.o
                0x0000000080817018                gpt_verify_headers
 .text.gpt_verify_partitions
                0x000000008081706c      0x1a8 disk/built-in.o
                0x000000008081706c                gpt_verify_partitions
 .text.alloc_priv
                0x0000000080817214       0x2e drivers/built-in.o
 *fill*         0x0000000080817242        0x2 
 .text.device_bind
                0x0000000080817244      0x1d0 drivers/built-in.o
                0x0000000080817244                device_bind
 .text.device_bind_by_name
                0x0000000080817414       0x3e drivers/built-in.o
                0x0000000080817414                device_bind_by_name
 *fill*         0x0000000080817452        0x2 
 .text.device_probe
                0x0000000080817454      0x134 drivers/built-in.o
                0x0000000080817454                device_probe
 .text.dev_get_platdata
                0x0000000080817588       0x20 drivers/built-in.o
                0x0000000080817588                dev_get_platdata
 .text.dev_get_priv
                0x00000000808175a8       0x20 drivers/built-in.o
                0x00000000808175a8                dev_get_priv
 .text.dev_get_uclass_priv
                0x00000000808175c8       0x20 drivers/built-in.o
                0x00000000808175c8                dev_get_uclass_priv
 .text.dev_get_addr
                0x00000000808175e8        0x6 drivers/built-in.o
                0x00000000808175e8                dev_get_addr
 *fill*         0x00000000808175ee        0x2 
 .text.lists_driver_lookup_name
                0x00000000808175f0       0x2c drivers/built-in.o
                0x00000000808175f0                lists_driver_lookup_name
 .text.lists_uclass_lookup
                0x000000008081761c       0x24 drivers/built-in.o
                0x000000008081761c                lists_uclass_lookup
 .text.lists_bind_drivers
                0x0000000080817640       0x58 drivers/built-in.o
                0x0000000080817640                lists_bind_drivers
 .text.dm_root  0x0000000080817698       0x1c drivers/built-in.o
                0x0000000080817698                dm_root
 .text.dm_init  0x00000000808176b4       0x44 drivers/built-in.o
                0x00000000808176b4                dm_init
 .text.dm_scan_platdata
                0x00000000808176f8       0x20 drivers/built-in.o
                0x00000000808176f8                dm_scan_platdata
 .text.dm_scan_other
                0x0000000080817718        0x4 drivers/built-in.o
                0x0000000080817718                dm_scan_other
 .text.dm_init_and_scan
                0x000000008081771c       0x1e drivers/built-in.o
                0x000000008081771c                dm_init_and_scan
 .text.uclass_find
                0x000000008081773a       0x2a drivers/built-in.o
                0x000000008081773a                uclass_find
 .text.uclass_get
                0x0000000080817764       0xaa drivers/built-in.o
                0x0000000080817764                uclass_get
 .text.uclass_find_device
                0x000000008081780e       0x40 drivers/built-in.o
                0x000000008081780e                uclass_find_device
 .text.uclass_find_first_device
                0x000000008081784e       0x22 drivers/built-in.o
                0x000000008081784e                uclass_find_first_device
 .text.uclass_find_next_device
                0x0000000080817870       0x18 drivers/built-in.o
                0x0000000080817870                uclass_find_next_device
 .text.uclass_find_device_by_seq
                0x0000000080817888       0x4a drivers/built-in.o
                0x0000000080817888                uclass_find_device_by_seq
 .text.uclass_get_device_tail
                0x00000000808178d2       0x16 drivers/built-in.o
                0x00000000808178d2                uclass_get_device_tail
 .text.uclass_get_device
                0x00000000808178e8       0x1c drivers/built-in.o
                0x00000000808178e8                uclass_get_device
 .text.uclass_get_device_by_seq
                0x0000000080817904       0x32 drivers/built-in.o
                0x0000000080817904                uclass_get_device_by_seq
 .text.uclass_first_device
                0x0000000080817936       0x1e drivers/built-in.o
                0x0000000080817936                uclass_first_device
 .text.uclass_next_device
                0x0000000080817954       0x24 drivers/built-in.o
                0x0000000080817954                uclass_next_device
 .text.uclass_bind_device
                0x0000000080817978       0x3a drivers/built-in.o
                0x0000000080817978                uclass_bind_device
 .text.uclass_unbind_device
                0x00000000808179b2       0x24 drivers/built-in.o
                0x00000000808179b2                uclass_unbind_device
 *fill*         0x00000000808179d6        0x2 
 .text.uclass_resolve_seq
                0x00000000808179d8       0x64 drivers/built-in.o
                0x00000000808179d8                uclass_resolve_seq
 .text.uclass_pre_probe_device
                0x0000000080817a3c       0x2e drivers/built-in.o
                0x0000000080817a3c                uclass_pre_probe_device
 .text.uclass_post_probe_device
                0x0000000080817a6a        0xe drivers/built-in.o
                0x0000000080817a6a                uclass_post_probe_device
 .text.uclass_pre_remove_device
                0x0000000080817a78        0xe drivers/built-in.o