Archive member included to satisfy reference by file (symbol)

/home/chen_7109/am335x/gcc-linaro-5.3-2016.02-x86_64_arm-linux-gnueabihf/bin/../lib/gcc/arm-linux-gnueabihf/5.3.1/libgcc.a(_udivsi3.o)
                              arch/arm/cpu/armv7/built-in.o (__aeabi_uidiv)
/home/chen_7109/am335x/gcc-linaro-5.3-2016.02-x86_64_arm-linux-gnueabihf/bin/../lib/gcc/arm-linux-gnueabihf/5.3.1/libgcc.a(_divsi3.o)
                              fs/built-in.o (__aeabi_idiv)
/home/chen_7109/am335x/gcc-linaro-5.3-2016.02-x86_64_arm-linux-gnueabihf/bin/../lib/gcc/arm-linux-gnueabihf/5.3.1/libgcc.a(_lshrdi3.o)
                              fs/built-in.o (__aeabi_llsr)
/home/chen_7109/am335x/gcc-linaro-5.3-2016.02-x86_64_arm-linux-gnueabihf/bin/../lib/gcc/arm-linux-gnueabihf/5.3.1/libgcc.a(_ashldi3.o)
                              drivers/built-in.o (__aeabi_llsl)
/home/chen_7109/am335x/gcc-linaro-5.3-2016.02-x86_64_arm-linux-gnueabihf/bin/../lib/gcc/arm-linux-gnueabihf/5.3.1/libgcc.a(_dvmd_lnx.o)
                              /home/chen_7109/am335x/gcc-linaro-5.3-2016.02-x86_64_arm-linux-gnueabihf/bin/../lib/gcc/arm-linux-gnueabihf/5.3.1/libgcc.a(_udivsi3.o) (__aeabi_idiv0)

Discarded input sections

 .data          0x0000000000000000        0x0 arch/arm/cpu/armv7/start.o
 .bss           0x0000000000000000        0x0 arch/arm/cpu/armv7/start.o
 .text.invalidate_icache_all
                0x0000000000000000       0x14 arch/arm/cpu/armv7/built-in.o
 .text.v7_outer_cache_enable
                0x0000000000000000        0x2 arch/arm/cpu/armv7/built-in.o
 .text.v7_outer_cache_disable
                0x0000000000000000        0x2 arch/arm/cpu/armv7/built-in.o
 .text.v7_outer_cache_flush_all
                0x0000000000000000        0x2 arch/arm/cpu/armv7/built-in.o
 .text.flush_dcache_all
                0x0000000000000000        0xe arch/arm/cpu/armv7/built-in.o
 .text.v7_outer_cache_inval_all
                0x0000000000000000        0x2 arch/arm/cpu/armv7/built-in.o
 .text.invalidate_dcache_all
                0x0000000000000000        0xe arch/arm/cpu/armv7/built-in.o
 .text.arm_init_before_mmu
                0x0000000000000000       0x22 arch/arm/cpu/armv7/built-in.o
 .text.v7_outer_cache_flush_range
                0x0000000000000000        0x2 arch/arm/cpu/armv7/built-in.o
 .text.flush_dcache_range
                0x0000000000000000       0x26 arch/arm/cpu/armv7/built-in.o
 .text.mmu_page_table_flush
                0x0000000000000000       0x1e arch/arm/cpu/armv7/built-in.o
 .text.v7_outer_cache_inval_range
                0x0000000000000000        0x2 arch/arm/cpu/armv7/built-in.o
 .text.invalidate_dcache_range
                0x0000000000000000       0x78 arch/arm/cpu/armv7/built-in.o
 .text.cpu_cache_initialization
                0x0000000000000000        0x2 arch/arm/cpu/armv7/built-in.o
 .text.cleanup_before_linux_select
                0x0000000000000000       0x38 arch/arm/cpu/armv7/built-in.o
 .text.cleanup_before_linux
                0x0000000000000000        0x6 arch/arm/cpu/armv7/built-in.o
 .text.v7_arch_cp15_set_l2aux_ctrl
                0x0000000000000000        0x6 arch/arm/cpu/armv7/built-in.o
 .text.v7_arch_cp15_set_acr
                0x0000000000000000        0x6 arch/arm/cpu/armv7/built-in.o
 .text.sdelay   0x0000000000000000        0x6 arch/arm/cpu/armv7/built-in.o
 .text.reset_cpu
                0x0000000000000000        0xc arch/arm/cpu/armv7/built-in.o
 .text.warm_reset
                0x0000000000000000       0x18 arch/arm/cpu/armv7/built-in.o
 .text.setup_warmreset_time
                0x0000000000000000        0x2 arch/arm/cpu/armv7/built-in.o
 .text.get_ticks
                0x0000000000000000        0xa arch/arm/cpu/armv7/built-in.o
 .text.get_tbclk
                0x0000000000000000        0x6 arch/arm/cpu/armv7/built-in.o
 .text.do_cancel_out
                0x0000000000000000       0x44 arch/arm/cpu/armv7/built-in.o
 .text.cancel_out
                0x0000000000000000       0x62 arch/arm/cpu/armv7/built-in.o
 .text.omap_die_id
                0x0000000000000000        0xc arch/arm/cpu/armv7/built-in.o
 .text.omap_die_id_serial
                0x0000000000000000       0x4c arch/arm/cpu/armv7/built-in.o
 .text.omap_die_id_get_board_serial
                0x0000000000000000       0x24 arch/arm/cpu/armv7/built-in.o
 .text.omap_die_id_usbethaddr
                0x0000000000000000       0x58 arch/arm/cpu/armv7/built-in.o
 .text.omap_die_id_display
                0x0000000000000000       0x2c arch/arm/cpu/armv7/built-in.o
 .text.enable_caches
                0x0000000000000000        0x4 arch/arm/cpu/armv7/built-in.o
 .text.dram_bank_mmu_setup
                0x0000000000000000       0x26 arch/arm/cpu/armv7/built-in.o
 .text.arm_init_domains
                0x0000000000000000       0x12 arch/arm/cpu/armv7/built-in.o
 .text.enable_gpmc_cs_config
                0x0000000000000000       0x4c arch/arm/cpu/armv7/built-in.o
 .text.gpmc_init
[...]
Memory Configuration

Name             Origin             Length             Attributes
.sram            0x00000000402f0400 0x000000000001b400
.sdram           0x0000000080a00000 0x0000000000080000
*default*        0x0000000000000000 0xffffffffffffffff

Linker script and memory map


.text           0x00000000402f0400     0x8264
                0x00000000402f0400                __start = .
 *(.vectors)
 .vectors       0x00000000402f0400       0x60 arch/arm/lib/built-in.o
                0x00000000402f0400                _start
                0x00000000402f0420                _undefined_instruction
                0x00000000402f0424                _software_interrupt
                0x00000000402f0428                _prefetch_abort
                0x00000000402f042c                _data_abort
                0x00000000402f0430                _not_used
                0x00000000402f0434                _irq
                0x00000000402f0438                _fiq
 arch/arm/cpu/armv7/start.o(.text)
 .text          0x00000000402f0460       0xb0 arch/arm/cpu/armv7/start.o
                0x00000000402f0460                reset
                0x00000000402f0464                save_boot_params_ret
                0x00000000402f04a0                c_runtime_cpu_setup
                0x00000000402f04b4                cpu_init_cp15
                0x00000000402f0508                cpu_init_crit
 *(.text*)
 .text          0x00000000402f0510      0x1a4 arch/arm/cpu/armv7/built-in.o
                0x00000000402f0510                __v7_flush_dcache_all
                0x00000000402f05ac                v7_flush_dcache_all
                0x00000000402f05bc                __v7_invalidate_dcache_all
                0x00000000402f0658                v7_invalidate_dcache_all
                0x00000000402f0668                lowlevel_init
                0x00000000402f0688                save_boot_params
                0x00000000402f0694                omap_smc1
 .text.wait_on_value
                0x00000000402f06b4       0x1a arch/arm/cpu/armv7/built-in.o
                0x00000000402f06b4                wait_on_value
 *fill*         0x00000000402f06ce        0x2 
 .text.timer_init
                0x00000000402f06d0       0x10 arch/arm/cpu/armv7/built-in.o
                0x00000000402f06d0                timer_init
 .text.__udelay
                0x00000000402f06e0       0x2c arch/arm/cpu/armv7/built-in.o
                0x00000000402f06e0                __udelay
 .text.get_timer_masked
                0x00000000402f070c       0x34 arch/arm/cpu/armv7/built-in.o
                0x00000000402f070c                get_timer_masked
 .text.get_timer
                0x00000000402f0740        0xc arch/arm/cpu/armv7/built-in.o
                0x00000000402f0740                get_timer
 .text.omap_sys_boot_device
                0x00000000402f074c        0x4 arch/arm/cpu/armv7/built-in.o
                0x00000000402f074c                omap_sys_boot_device
 .text.save_omap_boot_params
                0x00000000402f0750       0x78 arch/arm/cpu/armv7/built-in.o
                0x00000000402f0750                save_omap_boot_params
 .text.spl_boot_device
                0x00000000402f07c8        0x6 arch/arm/cpu/armv7/built-in.o
                0x00000000402f07c8                spl_boot_device
 .text.spl_boot_mode
                0x00000000402f07ce        0x6 arch/arm/cpu/armv7/built-in.o
                0x00000000402f07ce                spl_boot_mode
 .text.spl_board_init
                0x00000000402f07d4       0x20 arch/arm/cpu/armv7/built-in.o
                0x00000000402f07d4                spl_board_init
 .text.board_mmc_init
                0x00000000402f07f4       0x46 arch/arm/cpu/armv7/built-in.o
                0x00000000402f07f4                board_mmc_init
 *fill*         0x00000000402f083a        0x2 
 .text.jump_to_image_no_args
                0x00000000402f083c       0x10 arch/arm/cpu/armv7/built-in.o
                0x00000000402f083c                jump_to_image_no_args
 .text.get_dpll_mpu_params
                0x00000000402f084c        0x8 arch/arm/cpu/armv7/built-in.o
                0x00000000402f084c                get_dpll_mpu_params
 .text.get_dpll_core_params
                0x00000000402f0854        0x8 arch/arm/cpu/armv7/built-in.o
                0x00000000402f0854                get_dpll_core_params
 .text.get_dpll_per_params
                0x00000000402f085c        0x8 arch/arm/cpu/armv7/built-in.o
                0x00000000402f085c                get_dpll_per_params
 .text.setup_clocks_for_console
                0x00000000402f0864       0x78 arch/arm/cpu/armv7/built-in.o
                0x00000000402f0864                setup_clocks_for_console
 .text.enable_basic_clocks
                0x00000000402f08dc       0x40 arch/arm/cpu/armv7/built-in.o
                0x00000000402f08dc                enable_basic_clocks
 .text.do_setup_dpll
                0x00000000402f091c       0xc4 arch/arm/cpu/armv7/built-in.o
                0x00000000402f091c                do_setup_dpll
 .text.do_enable_clocks
                0x00000000402f09e0       0x60 arch/arm/cpu/armv7/built-in.o
                0x00000000402f09e0                do_enable_clocks
 .text.scale_vcores
                0x00000000402f0a40        0x2 arch/arm/cpu/armv7/built-in.o
                0x00000000402f0a40                scale_vcores
 *fill*         0x00000000402f0a42        0x2 
 .text.prcm_init
                0x00000000402f0a44       0x60 arch/arm/cpu/armv7/built-in.o
                0x00000000402f0a44                prcm_init
 .text.am335x_get_efuse_mpu_max_freq
                0x00000000402f0aa4       0x70 arch/arm/cpu/armv7/built-in.o
                0x00000000402f0aa4                am335x_get_efuse_mpu_max_freq
 .text.am335x_get_tps65910_mpu_vdd
                0x00000000402f0b14       0x2a arch/arm/cpu/armv7/built-in.o
                0x00000000402f0b14                am335x_get_tps65910_mpu_vdd
 *fill*         0x00000000402f0b3e        0x2 
 .text.configure_mr
                0x00000000402f0b40       0x64 arch/arm/cpu/armv7/built-in.o
 .text.config_sdram_emif4d5
                0x00000000402f0ba4       0xf0 arch/arm/cpu/armv7/built-in.o
                0x00000000402f0ba4                config_sdram_emif4d5
 .text.config_sdram
                0x00000000402f0c94       0x54 arch/arm/cpu/armv7/built-in.o
                0x00000000402f0c94                config_sdram
 .text.set_sdram_timings
                0x00000000402f0ce8       0x24 arch/arm/cpu/armv7/built-in.o
                0x00000000402f0ce8                set_sdram_timings
 .text.config_ddr_phy
                0x00000000402f0d0c      0x110 arch/arm/cpu/armv7/built-in.o
                0x00000000402f0d0c                config_ddr_phy
 .text.config_cmd_ctrl
                0x00000000402f0e1c       0x2c arch/arm/cpu/armv7/built-in.o
                0x00000000402f0e1c                config_cmd_ctrl
 .text.config_ddr_data
                0x00000000402f0e48       0x34 arch/arm/cpu/armv7/built-in.o
                0x00000000402f0e48                config_ddr_data
 .text.config_io_ctrl
                0x00000000402f0e7c       0x20 arch/arm/cpu/armv7/built-in.o
                0x00000000402f0e7c                config_io_ctrl
 .text.ddr_pll_config
                0x00000000402f0e9c        0x2 arch/arm/cpu/armv7/built-in.o
                0x00000000402f0e9c                ddr_pll_config
 *fill*         0x00000000402f0e9e        0x2 
 .text.config_ddr
                0x00000000402f0ea0       0x90 arch/arm/cpu/armv7/built-in.o
                0x00000000402f0ea0                config_ddr
 .text.board_early_init_f
                0x00000000402f0f30        0xe arch/arm/cpu/armv7/built-in.o
                0x00000000402f0f30                board_early_init_f
 .text.board_init_f
                0x00000000402f0f3e        0xe arch/arm/cpu/armv7/built-in.o
                0x00000000402f0f3e                board_init_f
 .text.s_init   0x00000000402f0f4c       0x60 arch/arm/cpu/armv7/built-in.o
                0x00000000402f0f4c                s_init
 .text.configure_module_pin_mux
                0x00000000402f0fac       0x20 arch/arm/cpu/armv7/built-in.o
                0x00000000402f0fac                configure_module_pin_mux
 .text          0x00000000402f0fcc       0x70 arch/arm/lib/built-in.o
                0x00000000402f0fcc                _main
 .text.enable_uart0_pin_mux
                0x00000000402f103c        0xc board/vscom/baltos/built-in.o
                0x00000000402f103c                enable_uart0_pin_mux
 .text.enable_i2c0_pin_mux
                0x00000000402f1048        0xc board/vscom/baltos/built-in.o
                0x00000000402f1048                enable_i2c0_pin_mux
 .text.enable_board_pin_mux
                0x00000000402f1054       0x4c board/vscom/baltos/built-in.o
                0x00000000402f1054                enable_board_pin_mux
 .text.am33xx_spl_board_init
                0x00000000402f10a0       0x84 board/vscom/baltos/built-in.o
                0x00000000402f10a0                am33xx_spl_board_init
 .text.get_dpll_ddr_params
                0x00000000402f1124       0x34 board/vscom/baltos/built-in.o
                0x00000000402f1124                get_dpll_ddr_params
 .text.set_uart_mux_conf
                0x00000000402f1158        0x4 board/vscom/baltos/built-in.o
                0x00000000402f1158                set_uart_mux_conf
 .text.set_mux_conf_regs
                0x00000000402f115c        0x4 board/vscom/baltos/built-in.o
                0x00000000402f115c                set_mux_conf_regs
 .text.sdram_init
                0x00000000402f1160       0x30 board/vscom/baltos/built-in.o
                0x00000000402f1160                sdram_init
 .text.spl_set_header_raw_uboot
                0x00000000402f1190       0x24 common/spl/built-in.o
                0x00000000402f1190                spl_set_header_raw_uboot
 .text.spl_parse_image_header
                0x00000000402f11b4       0x4c common/spl/built-in.o
                0x00000000402f11b4                spl_parse_image_header
 .text.spl_init
                0x00000000402f1200       0x1c common/spl/built-in.o
                0x00000000402f1200                spl_init
 .text.board_boot_order
                0x00000000402f121c        0xc common/spl/built-in.o
                0x00000000402f121c                board_boot_order
 .text.board_init_r
                0x00000000402f1228       0xd8 common/spl/built-in.o
                0x00000000402f1228                board_init_r
 .text.preloader_console_init
                0x00000000402f1300       0x2c common/spl/built-in.o
                0x00000000402f1300                preloader_console_init
 .text.spl_relocate_stack_gd
                0x00000000402f132c       0x18 common/spl/built-in.o
                0x00000000402f132c                spl_relocate_stack_gd
 .text.getcymodem
                0x00000000402f1344       0x16 common/spl/built-in.o
 *fill*         0x00000000402f135a        0x2 
 .text.spl_ymodem_load_image
                0x00000000402f135c       0xa0 common/spl/built-in.o
                0x00000000402f135c                spl_ymodem_load_image
 .text.spl_mmc_get_device_index
                0x00000000402f13fc       0x28 common/spl/built-in.o
                0x00000000402f13fc                spl_mmc_get_device_index
 .text.spl_mmc_do_fs_boot
                0x00000000402f1424       0x30 common/spl/built-in.o
                0x00000000402f1424                spl_mmc_do_fs_boot
 .text.spl_mmc_load_image
                0x00000000402f1454      0x100 common/spl/built-in.o
                0x00000000402f1454                spl_mmc_load_image
 .text.spl_load_image_fat
                0x00000000402f1554       0x7c common/spl/built-in.o
                0x00000000402f1554                spl_load_image_fat
 .text.spl_load_image_ext
                0x00000000402f15d0       0xc0 common/spl/built-in.o
                0x00000000402f15d0                spl_load_image_ext
 .text.board_init_f_alloc_reserve
                0x00000000402f1690        0xa common/init/built-in.o
                0x00000000402f1690                board_init_f_alloc_reserve
 .text.board_init_f_init_reserve
                0x00000000402f169a       0x14 common/init/built-in.o
                0x00000000402f169a                board_init_f_init_reserve
 *fill*         0x00000000402f16ae        0x2 
 .text.CYGACC_COMM_IF_GETC_TIMEOUT.isra.0
                0x00000000402f16b0       0x2c common/built-in.o
 .text.xyzModem_flush
                0x00000000402f16dc       0x14 common/built-in.o
 .text.xyzModem_get_hdr
                0x00000000402f16f0      0x170 common/built-in.o
 .text.xyzModem_stream_open
                0x00000000402f1860      0x17c common/built-in.o
                0x00000000402f1860                xyzModem_stream_open
 .text.xyzModem_stream_read
                0x00000000402f19dc      0x1c0 common/built-in.o
                0x00000000402f19dc                xyzModem_stream_read
 .text.xyzModem_stream_close
                0x00000000402f1b9c       0x40 common/built-in.o
                0x00000000402f1b9c                xyzModem_stream_close
 .text.xyzModem_stream_terminate
                0x00000000402f1bdc       0x68 common/built-in.o
                0x00000000402f1bdc                xyzModem_stream_terminate
 .text.xyzModem_error
                0x00000000402f1c44       0x18 common/built-in.o
                0x00000000402f1c44                xyzModem_error
 .text.putc     0x00000000402f1c5c       0x24 common/built-in.o
                0x00000000402f1c5c                putc
 .text.puts     0x00000000402f1c80       0x24 common/built-in.o
                0x00000000402f1c80                puts
 .text.fgetc    0x00000000402f1ca4       0x18 common/built-in.o
                0x00000000402f1ca4                fgetc
 .text.getc     0x00000000402f1cbc       0x1a common/built-in.o
                0x00000000402f1cbc                getc
 *fill*         0x00000000402f1cd6        0x2 
 .text.ftstc    0x00000000402f1cd8       0x18 common/built-in.o
                0x00000000402f1cd8                ftstc
 .text.tstc     0x00000000402f1cf0       0x1a common/built-in.o
                0x00000000402f1cf0                tstc
 *fill*         0x00000000402f1d0a        0x2 
 .text.sbrk     0x00000000402f1d0c       0x44 common/built-in.o
                0x00000000402f1d0c                sbrk
 .text.mem_malloc_init
                0x00000000402f1d50       0x28 common/built-in.o
                0x00000000402f1d50                mem_malloc_init
 .text.malloc_trim
                0x00000000402f1d78       0x80 common/built-in.o
                0x00000000402f1d78                malloc_trim
 .text.free     0x00000000402f1df8      0x168 common/built-in.o
                0x00000000402f1df8                free
 .text.malloc   0x00000000402f1f60      0x3fc common/built-in.o
                0x00000000402f1f60                malloc
 .text.calloc   0x00000000402f235c       0xbc common/built-in.o
                0x00000000402f235c                calloc
 .text.memalign
                0x00000000402f2418       0xe6 common/built-in.o
                0x00000000402f2418                memalign
 .text.malloc_simple
                0x00000000402f24fe       0x28 common/built-in.o
                0x00000000402f24fe                malloc_simple
 *fill*         0x00000000402f2526        0x2 
 .text.part_init
                0x00000000402f2528       0x2c disk/built-in.o
                0x00000000402f2528                part_init
 .text.part_get_info
                0x00000000402f2554       0x44 disk/built-in.o
                0x00000000402f2554                part_get_info
 .text.test_block_type
                0x00000000402f2598       0x50 disk/built-in.o
 .text.part_test_dos
                0x00000000402f25e8       0x40 disk/built-in.o
 .text.part_get_info_extended
                0x00000000402f2628      0x23c disk/built-in.o
 .text.part_get_info_dos
                0x00000000402f2864       0x16 disk/built-in.o
                0x00000000402f2864                part_get_info_dos
 .text.iso_dread
                0x00000000402f287a       0x22 disk/built-in.o
                0x00000000402f287a                iso_dread
 .text.part_get_info_iso_verb
                0x00000000402f289c      0x2cc disk/built-in.o
                0x00000000402f289c                part_get_info_iso_verb
 .text.part_test_iso
                0x00000000402f2b68       0x14 disk/built-in.o
 .text.part_print_iso
                0x00000000402f2b7c       0x60 disk/built-in.o
 .text.part_get_info_iso
                0x00000000402f2bdc        0x6 disk/built-in.o
 *fill*         0x00000000402f2be2        0x2 
 .text.print_efiname
                0x00000000402f2be4       0x38 disk/built-in.o
 .text.part_test_efi
                0x00000000402f2c1c       0x76 disk/built-in.o
 *fill*         0x00000000402f2c92        0x2 
 .text.validate_gpt_entries
                0x00000000402f2c94       0x80 disk/built-in.o
 *fill*         0x00000000402f2d14        0x4 
 .text.validate_gpt_header
                0x00000000402f2d18      0x1a0 disk/built-in.o
 .text.is_gpt_valid
                0x00000000402f2eb8      0x138 disk/built-in.o
 .text.is_pte_valid
                0x00000000402f2ff0       0x38 disk/built-in.o
 .text.part_get_info_efi
                0x00000000402f3028      0x174 disk/built-in.o
                0x00000000402f3028                part_get_info_efi
 .text.i2c_get_adapter
                0x00000000402f319c       0x40 drivers/built-in.o
                0x00000000402f319c                i2c_get_adapter
 .text.i2c_init_bus
                0x00000000402f31dc       0x64 drivers/built-in.o
 .text.i2c_set_bus_num
                0x00000000402f3240       0x80 drivers/built-in.o
                0x00000000402f3240                i2c_set_bus_num
 .text.i2c_probe
                0x00000000402f32c0       0x20 drivers/built-in.o
                0x00000000402f32c0                i2c_probe
 .text.i2c_read
                0x00000000402f32e0       0x34 drivers/built-in.o
                0x00000000402f32e0                i2c_read
 .text.i2c_write
                0x00000000402f3314       0x34 drivers/built-in.o
                0x00000000402f3314                i2c_write
 .text.i2c_init
                0x00000000402f3348        0xe drivers/built-in.o
                0x00000000402f3348                i2c_init
 *fill*         0x00000000402f3356        0x2 
 .text.omap24_get_base.isra.0
                0x00000000402f3358       0x34 drivers/built-in.o
 .text.omap24_i2c_setspeed
                0x00000000402f338c       0xbc drivers/built-in.o
 .text.wait_for_bb
                0x00000000402f3448       0x4c drivers/built-in.o
 .text.wait_for_event
                0x00000000402f3494       0x50 drivers/built-in.o
 .text.flush_fifo
                0x00000000402f34e4       0x24 drivers/built-in.o
 .text.omap24_i2c_write
                0x00000000402f3508      0x170 drivers/built-in.o
 .text.omap24_i2c_read
                0x00000000402f3678      0x14c drivers/built-in.o
 .text.omap24_i2c_probe
                0x00000000402f37c4       0x90 drivers/built-in.o
 .text.omap24_i2c_init
                0x00000000402f3854      0x154 drivers/built-in.o
 .text.check_gpio
                0x00000000402f39a8       0x1c drivers/built-in.o
 .text.gpio_is_valid
                0x00000000402f39c4        0xa drivers/built-in.o
                0x00000000402f39c4                gpio_is_valid
 *fill*         0x00000000402f39ce        0x2 
 .text.gpio_get_value
                0x00000000402f39d0       0x48 drivers/built-in.o
                0x00000000402f39d0                gpio_get_value
 .text.gpio_direction_input
                0x00000000402f3a18       0x38 drivers/built-in.o
                0x00000000402f3a18                gpio_direction_input
 .text.gpio_direction_output
                0x00000000402f3a50       0x48 drivers/built-in.o
                0x00000000402f3a50                gpio_direction_output
 .text.gpio_request
                0x00000000402f3a98        0xa drivers/built-in.o
                0x00000000402f3a98                gpio_request
 .text.mmc_berase
                0x00000000402f3aa2        0x4 drivers/built-in.o
 .text.mmc_bwrite
                0x00000000402f3aa6        0x4 drivers/built-in.o
 .text.mmc_set_ios
                0x00000000402f3aaa        0xc drivers/built-in.o
 .text.mmc_set_capacity
                0x00000000402f3ab6       0x68 drivers/built-in.o
 .text.board_mmc_getcd
                0x00000000402f3b1e        0x6 drivers/built-in.o
                0x00000000402f3b1e                board_mmc_getcd
 .text.mmc_send_cmd
                0x00000000402f3b24        0x8 drivers/built-in.o
                0x00000000402f3b24                mmc_send_cmd
 .text.mmc_send_ext_csd
                0x00000000402f3b2c       0x2e drivers/built-in.o
 .text.mmc_go_idle
                0x00000000402f3b5a       0x32 drivers/built-in.o
 .text.mmc_send_op_cond_iter
                0x00000000402f3b8c       0x44 drivers/built-in.o
 .text.mmc_send_status
                0x00000000402f3bd0       0x90 drivers/built-in.o
                0x00000000402f3bd0                mmc_send_status
 .text.mmc_switch.isra.0
                0x00000000402f3c60       0x34 drivers/built-in.o
 .text.mmc_select_bus_width
                0x00000000402f3c94       0xc8 drivers/built-in.o
 .text.mmc_set_blocklen
                0x00000000402f3d5c       0x26 drivers/built-in.o
                0x00000000402f3d5c                mmc_set_blocklen
 *fill*         0x00000000402f3d82        0x2 
 .text.find_mmc_device
                0x00000000402f3d84       0x30 drivers/built-in.o
                0x00000000402f3d84                find_mmc_device
 .text.mmc_switch_part
                0x00000000402f3db4       0x40 drivers/built-in.o
                0x00000000402f3db4                mmc_switch_part
 .text.mmc_select_hwpart
                0x00000000402f3df4       0x44 drivers/built-in.o
                0x00000000402f3df4                mmc_select_hwpart
 .text.mmc_bread
                0x00000000402f3e38       0xe0 drivers/built-in.o
 .text.mmc_getcd
                0x00000000402f3f18       0x20 drivers/built-in.o
                0x00000000402f3f18                mmc_getcd
 .text.mmc_set_clock
                0x00000000402f3f38       0x1c drivers/built-in.o
                0x00000000402f3f38                mmc_set_clock
 .text.mmc_startup
                0x00000000402f3f54      0x904 drivers/built-in.o
 .text.mmc_create
                0x00000000402f4858       0x98 drivers/built-in.o
                0x00000000402f4858                mmc_create
 .text.board_mmc_power_init
                0x00000000402f48f0        0x2 drivers/built-in.o
                0x00000000402f48f0                board_mmc_power_init
 *fill*         0x00000000402f48f2        0x2 
 .text.mmc_start_init
                0x00000000402f48f4      0x184 drivers/built-in.o
                0x00000000402f48f4                mmc_start_init
 .text.mmc_init
                0x00000000402f4a78       0x94 drivers/built-in.o
                0x00000000402f4a78                mmc_init
 .text.cpu_mmc_init
                0x00000000402f4b0c        0x6 drivers/built-in.o
                0x00000000402f4b0c                cpu_mmc_init
 *fill*         0x00000000402f4b12        0x2 
 .text.mmc_initialize
                0x00000000402f4b14       0x4c drivers/built-in.o
                0x00000000402f4b14                mmc_initialize
 .text.omap_hsmmc_set_ios
                0x00000000402f4b60       0xf8 drivers/built-in.o
 .text.omap_hsmmc_getwp
                0x00000000402f4c58       0x10 drivers/built-in.o
 .text.omap_hsmmc_getcd
                0x00000000402f4c68       0x1a drivers/built-in.o
 .text.omap_mmc_setup_gpio_in
                0x00000000402f4c82       0x2a drivers/built-in.o
 .text.mmc_reset_controller_fsm
                0x00000000402f4cac       0x6c drivers/built-in.o
 .text.omap_hsmmc_send_cmd
                0x00000000402f4d18      0x2f8 drivers/built-in.o
 .text.mmc_init_stream
                0x00000000402f5010       0x80 drivers/built-in.o
                0x00000000402f5010                mmc_init_stream
 .text.omap_hsmmc_init_setup
                0x00000000402f5090      0x118 drivers/built-in.o
 .text.omap_mmc_init
                0x00000000402f51a8       0xc8 drivers/built-in.o
                0x00000000402f51a8                omap_mmc_init
 .text.get_current
                0x00000000402f5270       0x2c drivers/built-in.o
 .text.serial_init
                0x00000000402f529c       0x1a drivers/built-in.o
                0x00000000402f529c                serial_init
 .text.serial_getc
                0x00000000402f52b6        0xe drivers/built-in.o
                0x00000000402f52b6                serial_getc
 .text.serial_tstc
                0x00000000402f52c4        0xe drivers/built-in.o
                0x00000000402f52c4                serial_tstc
 .text.serial_putc
                0x00000000402f52d2       0x12 drivers/built-in.o
                0x00000000402f52d2                serial_putc
 .text.serial_puts
                0x00000000402f52e4       0x12 drivers/built-in.o
                0x00000000402f52e4                serial_puts
 *fill*         0x00000000402f52f6        0x2 
 .text._serial_putc
                0x00000000402f52f8       0x2c drivers/built-in.o
 .text.eserial2_putc
                0x00000000402f5324        0x6 drivers/built-in.o
 .text._serial_puts
                0x00000000402f532a       0x16 drivers/built-in.o
 .text.eserial2_puts
                0x00000000402f5340        0x6 drivers/built-in.o
 *fill*         0x00000000402f5346        0x2 
 .text._serial_setbrg
                0x00000000402f5348       0x2c drivers/built-in.o
 .text.eserial2_setbrg
                0x00000000402f5374        0x6 drivers/built-in.o
 *fill*         0x00000000402f537a        0x2 
 .text.eserial2_init
                0x00000000402f537c       0x24 drivers/built-in.o
 .text.eserial2_getc
                0x00000000402f53a0       0x10 drivers/built-in.o
 .text.eserial2_tstc
                0x00000000402f53b0        0xc drivers/built-in.o
 .text.default_serial_console
                0x00000000402f53bc        0x8 drivers/built-in.o
                0x00000000402f53bc                default_serial_console
 .text.ns16550_calc_divisor
                0x00000000402f53c4       0x10 drivers/built-in.o
                0x00000000402f53c4                ns16550_calc_divisor
 .text.NS16550_init
                0x00000000402f53d4       0x34 drivers/built-in.o
                0x00000000402f53d4                NS16550_init
 .text.NS16550_reinit
                0x00000000402f5408       0x28 drivers/built-in.o
                0x00000000402f5408                NS16550_reinit
 .text.NS16550_putc
                0x00000000402f5430       0x14 drivers/built-in.o
                0x00000000402f5430                NS16550_putc
 .text.NS16550_getc
                0x00000000402f5444       0x18 drivers/built-in.o
                0x00000000402f5444                NS16550_getc
 .text.NS16550_tstc
                0x00000000402f545c        0xa drivers/built-in.o
                0x00000000402f545c                NS16550_tstc
 .text.tps65910_set_i2c_control
                0x00000000402f5466       0x36 drivers/built-in.o
                0x00000000402f5466                tps65910_set_i2c_control
 .text.tps65910_voltage_update
                0x00000000402f549c       0x94 drivers/built-in.o
                0x00000000402f549c                tps65910_voltage_update
 .text.hw_watchdog_reset
                0x00000000402f5530       0x24 drivers/built-in.o
                0x00000000402f5530                hw_watchdog_reset
 .text.hw_watchdog_init
                0x00000000402f5554       0x48 drivers/built-in.o
                0x00000000402f5554                hw_watchdog_init
 .text.downcase
                0x00000000402f559c       0x1c fs/built-in.o
 .text.disk_read
                0x00000000402f55b8       0x30 fs/built-in.o
 .text.get_fatent
                0x00000000402f55e8       0xcc fs/built-in.o
 .text.mkcksum  0x00000000402f56b4       0x36 fs/built-in.o
 *fill*         0x00000000402f56ea        0x2 
 .text.get_cluster
                0x00000000402f56ec       0xf0 fs/built-in.o
 .text.get_name
                0x00000000402f57dc       0x70 fs/built-in.o
 .text.read_bootsectandvi
                0x00000000402f584c       0xb4 fs/built-in.o
 .text.slot2str
                0x00000000402f5900       0x5c fs/built-in.o
 .text.get_vfatname
                0x00000000402f595c      0x10c fs/built-in.o
 .text.fat_set_blk_dev
                0x00000000402f5a68       0x88 fs/built-in.o
                0x00000000402f5a68                fat_set_blk_dev
 .text.fat_register_device
                0x00000000402f5af0       0x54 fs/built-in.o
                0x00000000402f5af0                fat_register_device
 .text.do_fat_read_at
                0x00000000402f5b44      0x8f0 fs/built-in.o
                0x00000000402f5b44                do_fat_read_at
 .text.file_fat_read_at
                0x00000000402f6434       0x3c fs/built-in.o
                0x00000000402f6434                file_fat_read_at
 .text.file_fat_read
                0x00000000402f6470       0x22 fs/built-in.o
                0x00000000402f6470                file_fat_read
 *fill*         0x00000000402f6492        0x2 
 .text.get_fs   0x00000000402f6494        0x8 fs/built-in.o
                0x00000000402f6494                get_fs
 .text.ext4fs_free_node
                0x00000000402f649c       0x18 fs/built-in.o
                0x00000000402f649c                ext4fs_free_node
 .text.ext4fs_read_file
                0x00000000402f64b4      0x244 fs/built-in.o
                0x00000000402f64b4                ext4fs_read_file
 .text.ext4fs_read
                0x00000000402f66f8       0x30 fs/built-in.o
                0x00000000402f66f8                ext4fs_read
 .text.ext4fs_read_inode
                0x00000000402f6728       0xbe fs/built-in.o
                0x00000000402f6728                ext4fs_read_inode
 *fill*         0x00000000402f67e6        0x2 
 .text.read_allocated_block
                0x00000000402f67e8      0x648 fs/built-in.o
                0x00000000402f67e8                read_allocated_block
 .text.ext4fs_iterate_dir
                0x00000000402f6e30      0x1ec fs/built-in.o
                0x00000000402f6e30                ext4fs_iterate_dir
 .text.ext4fs_find_file1
                0x00000000402f701c      0x1b4 fs/built-in.o
 .text.ext4fs_find_file
                0x00000000402f71d0       0x40 fs/built-in.o
                0x00000000402f71d0                ext4fs_find_file
 .text.ext4fs_open
                0x00000000402f7210       0x60 fs/built-in.o
                0x00000000402f7210                ext4fs_open
 .text.ext4fs_mount
                0x00000000402f7270       0x84 fs/built-in.o
                0x00000000402f7270                ext4fs_mount
 .text.ext4fs_set_blk_dev
                0x00000000402f72f4       0x4c fs/built-in.o
                0x00000000402f72f4                ext4fs_set_blk_dev
 .text.ext4fs_devread
                0x00000000402f7340      0x194 fs/built-in.o
                0x00000000402f7340                ext4fs_devread
 .text.ext4_read_superblock
                0x00000000402f74d4       0x28 fs/built-in.o
                0x00000000402f74d4                ext4_read_superblock
 .text.crc16_ccitt
                0x00000000402f74fc       0x28 lib/built-in.o
                0x00000000402f74fc                crc16_ccitt
 .text.crc32_no_comp
                0x00000000402f7524       0x8c lib/built-in.o
                0x00000000402f7524                crc32_no_comp
 .text.crc32    0x00000000402f75b0        0xc lib/built-in.o
                0x00000000402f75b0                crc32
 .text.__div64_32
                0x00000000402f75bc       0x7e lib/built-in.o
                0x00000000402f75bc                __div64_32
 *fill*         0x00000000402f763a        0x2 
 .text.hang     0x00000000402f763c       0x10 lib/built-in.o
                0x00000000402f763c                hang
 .text.strcpy   0x00000000402f764c       0x10 lib/built-in.o
                0x00000000402f764c                strcpy
 .text.strncpy  0x00000000402f765c       0x18 lib/built-in.o
                0x00000000402f765c                strncpy
 .text.strcmp   0x00000000402f7674       0x1a lib/built-in.o
                0x00000000402f7674                strcmp
 .text.strncmp  0x00000000402f768e       0x26 lib/built-in.o
                0x00000000402f768e                strncmp
 .text.strchr   0x00000000402f76b4       0x18 lib/built-in.o
                0x00000000402f76b4                strchr
 .text.strlen   0x00000000402f76cc       0x10 lib/built-in.o
                0x00000000402f76cc                strlen
 .text.strnlen  0x00000000402f76dc       0x18 lib/built-in.o
                0x00000000402f76dc                strnlen
 .text.memset   0x00000000402f76f4       0x46 lib/built-in.o
                0x00000000402f76f4                memset
 .text.memcpy   0x00000000402f773a       0x4c lib/built-in.o
                0x00000000402f773a                memcpy
 .text.memcmp   0x00000000402f7786       0x1e lib/built-in.o
                0x00000000402f7786                memcmp
 .text.udelay   0x00000000402f77a4       0x24 lib/built-in.o
                0x00000000402f77a4                udelay
 .text.uuid_bin_to_str
                0x00000000402f77c8       0x78 lib/built-in.o
                0x00000000402f77c8                uuid_bin_to_str
 .text.put_dec_trunc
                0x00000000402f7840       0x9a lib/built-in.o
 *fill*         0x00000000402f78da        0x2 
 .text.string   0x00000000402f78dc       0x78 lib/built-in.o
 .text.put_dec  0x00000000402f7954       0xf0 lib/built-in.o
 .text.number   0x00000000402f7a44      0x1e8 lib/built-in.o
 .text.vsnprintf_internal
                0x00000000402f7c2c      0x464 lib/built-in.o
 .text.vscnprintf
                0x00000000402f8090       0x16 lib/built-in.o
                0x00000000402f8090                vscnprintf
 .text.vsprintf
                0x00000000402f80a6        0xc lib/built-in.o
                0x00000000402f80a6                vsprintf
 .text.sprintf  0x00000000402f80b2       0x1a lib/built-in.o
                0x00000000402f80b2                sprintf
 .text.printf   0x00000000402f80cc       0x30 lib/built-in.o
                0x00000000402f80cc                printf
 .text.raise    0x00000000402f80fc        0x4 arch/arm/lib/eabi_compat.o
                0x00000000402f80fc                raise
 .text          0x00000000402f8100      0x278 /home/chen_7109/am335x/gcc-linaro-5.3-2016.02-x86_64_arm-linux-gnueabihf/bin/../lib/gcc/arm-linux-gnueabihf/5.3.1/libgcc.a(_udivsi3.o)
                0x00000000402f8100                __udivsi3
                0x00000000402f8100                __aeabi_uidiv
                0x00000000402f835c                __aeabi_uidivmod
 .text          0x00000000402f8378      0x2b0 /home/chen_7109/am335x/gcc-linaro-5.3-2016.02-x86_64_arm-linux-gnueabihf/bin/../lib/gcc/arm-linux-gnueabihf/5.3.1/libgcc.a(_divsi3.o)
                0x00000000402f8378                __aeabi_idiv
                0x00000000402f8378                __divsi3
                0x00000000402f860c                __aeabi_idivmod
 .text          0x00000000402f8628       0x18 /home/chen_7109/am335x/gcc-linaro-5.3-2016.02-x86_64_arm-linux-gnueabihf/bin/../lib/gcc/arm-linux-gnueabihf/5.3.1/libgcc.a(_lshrdi3.o)
                0x00000000402f8628                __aeabi_llsr
                0x00000000402f8628                __lshrdi3
 .text          0x00000000402f8640       0x18 /home/chen_7109/am335x/gcc-linaro-5.3-2016.02-x86_64_arm-linux-gnueabihf/bin/../lib/gcc/arm-linux-gnueabihf/5.3.1/libgcc.a(_ashldi3.o)
                0x00000000402f8640                __ashldi3
                0x00000000402f8640                __aeabi_llsl
 .text          0x00000000402f8658        0xc /home/chen_7109/am335x/gcc-linaro-5.3-2016.02-x86_64_arm-linux-gnueabihf/bin/../lib/gcc/arm-linux-gnueabihf/5.3.1/libgcc.a(_dvmd_lnx.o)
                0x00000000402f8658                __aeabi_ldiv0
                0x00000000402f8658                __aeabi_idiv0

.glue_7         0x00000000402f8664        0x0
 .glue_7        0x00000000402f8664        0x0 linker stubs

.glue_7t        0x00000000402f8664        0x0
 .glue_7t       0x00000000402f8664        0x0 linker stubs

.vfp11_veneer   0x00000000402f8664        0x0
 .vfp11_veneer  0x00000000402f8664        0x0 linker stubs

.v4_bx          0x00000000402f8664        0x0
 .v4_bx         0x00000000402f8664        0x0 linker stubs

.iplt           0x00000000402f8664        0x0
 .iplt          0x00000000402f8664        0x0 arch/arm/cpu/armv7/start.o
                0x00000000402f8664                . = ALIGN (0x4)

.rodata         0x00000000402f8664     0x42cb
 *(SORT(.rodata*))
 .rodata        0x00000000402f8664       0x84 arch/arm/cpu/armv7/built-in.o
 .rodata.dpll_ddr_regs
                0x00000000402f86e8       0x24 arch/arm/cpu/armv7/built-in.o
                0x00000000402f86e8                dpll_ddr_regs
 .rodata.dpll_mpu
                0x00000000402f870c       0x10 arch/arm/cpu/armv7/built-in.o
                0x00000000402f870c                dpll_mpu
 .rodata.dpll_per_regs
                0x00000000402f871c       0x24 arch/arm/cpu/armv7/built-in.o
                0x00000000402f871c                dpll_per_regs
 .rodata.cmwkup
                0x00000000402f8740        0x4 arch/arm/cpu/armv7/built-in.o
                0x00000000402f8740                cmwkup
 .rodata.dpll_core_opp100
                0x00000000402f8744       0x10 arch/arm/cpu/armv7/built-in.o
                0x00000000402f8744                dpll_core_opp100
 .rodata.dpll_core_regs
                0x00000000402f8754       0x24 arch/arm/cpu/armv7/built-in.o
                0x00000000402f8754                dpll_core_regs
 .rodata.dpll_core
                0x00000000402f8778       0x10 arch/arm/cpu/armv7/built-in.o
                0x00000000402f8778                dpll_core
 .rodata.dpll_per
                0x00000000402f8788       0x10 arch/arm/cpu/armv7/built-in.o
                0x00000000402f8788                dpll_per
 .rodata.dpll_mpu_regs
                0x00000000402f8798       0x24 arch/arm/cpu/armv7/built-in.o
                0x00000000402f8798                dpll_mpu_regs
 .rodata.ddr_data_reg
                0x00000000402f87bc        0x8 arch/arm/cpu/armv7/built-in.o
 .rodata.ddr_cmd_reg
                0x00000000402f87c4        0x8 arch/arm/cpu/armv7/built-in.o
 .rodata.emif_reg
                0x00000000402f87cc        0x8 arch/arm/cpu/armv7/built-in.o
 .rodata.vtpreg
                0x00000000402f87d4        0x8 arch/arm/cpu/armv7/built-in.o
 .rodata.gpio_bank_am33xx
                0x00000000402f87dc       0x10 arch/arm/cpu/armv7/built-in.o
 .rodata.omap_gpio_bank
                0x00000000402f87ec        0x4 arch/arm/cpu/armv7/built-in.o
                0x00000000402f87ec                omap_gpio_bank
 .rodata.am33xx_serial
                0x00000000402f87f0       0x60 arch/arm/cpu/armv7/built-in.o
 .rodata.dpll_ddr_baltos
                0x00000000402f8850       0x10 board/vscom/baltos/built-in.o
                0x00000000402f8850                dpll_ddr_baltos
 .rodata.ddr3_sbc7109_cmd_ctrl_data
                0x00000000402f8860       0x30 board/vscom/baltos/built-in.o
 .rodata.ddr3_sbc7109_data
                0x00000000402f8890       0x18 board/vscom/baltos/built-in.o
 .rodata.ioregs_sbc7109
                0x00000000402f88a8       0x20 board/vscom/baltos/built-in.o
                0x00000000402f88a8                ioregs_sbc7109
 .rodata.CSWTCH.28
                0x00000000402f88c8       0x20 common/built-in.o
 .rodata.bus_widths.9124
                0x00000000402f88e8        0x8 drivers/built-in.o
 .rodata.multipliers
                0x00000000402f88f0       0x40 drivers/built-in.o
 .rodata.fbase  0x00000000402f8930       0x10 drivers/built-in.o
 .rodata.ext_csd_bits.9123
                0x00000000402f8940        0x8 drivers/built-in.o
 .rodata.omap_hsmmc_ops
                0x00000000402f8948       0x18 drivers/built-in.o
 .rodata.serial_ports
                0x00000000402f8960       0x18 drivers/built-in.o
 .rodata.crc_table
                0x00000000402f8978      0x400 lib/built-in.o
 .rodata.crc16_tab
                0x00000000402f8d78      0x200 lib/built-in.o
 .rodata.str1.1
                0x00000000402f8f78      0x1b9 arch/arm/cpu/armv7/built-in.o
 .rodata.str1.1
                0x00000000402f9131      0x19d board/vscom/baltos/built-in.o
 .rodata.str1.1
                0x00000000402f92ce      0x2b1 common/spl/built-in.o
                                        0x2db (size before relaxing)
 .rodata.__func__.7104
                0x00000000402f957f       0x18 common/spl/built-in.o
 .rodata.__func__.7123
                0x00000000402f9597       0x13 common/spl/built-in.o
 .rodata.__func__.7200
                0x00000000402f95aa       0x13 common/spl/built-in.o
 .rodata.str1.1
                0x00000000402f95bd      0xf4c common/built-in.o
                                        0xfc4 (size before relaxing)
 .rodata.str1.1
                0x00000000402fa509      0xbad disk/built-in.o
                                        0xc0b (size before relaxing)
 .rodata.__func__.7111
                0x00000000402fb0b6       0x12 disk/built-in.o
 .rodata.__func__.7250
                0x00000000402fb0c8        0xd disk/built-in.o
 .rodata.__func__.7264
                0x00000000402fb0d5        0xd disk/built-in.o
 .rodata.__func__.7259
                0x00000000402fb0e2       0x17 disk/built-in.o
 .rodata.str1.1
                0x00000000402fb0f9      0x9a5 drivers/built-in.o
                                        0x9af (size before relaxing)
 .rodata.__func__.9806
                0x00000000402fba9e       0x10 drivers/built-in.o
 .rodata.__func__.10059
                0x00000000402fbaae       0x15 drivers/built-in.o
 .rodata.__func__.10004
                0x00000000402fbac3        0xf drivers/built-in.o
 .rodata.__func__.9844
                0x00000000402fbad2       0x16 drivers/built-in.o
 .rodata.__func__.9906
                0x00000000402fbae8       0x19 drivers/built-in.o
 .rodata.__func__.9969
                0x00000000402fbb01        0xe drivers/built-in.o
 .rodata.__func__.9921
                0x00000000402fbb0f       0x14 drivers/built-in.o
 .rodata.str1.1
                0x00000000402fbb23      0x999 fs/built-in.o
                                        0xa02 (size before relaxing)
 .rodata.__func__.7310
                0x00000000402fc4bc        0xf fs/built-in.o
 .rodata        0x00000000402fc4cb       0x20 lib/built-in.o
 .rodata.str1.1
                0x00000000402fc4eb      0x323 lib/built-in.o
                                        0x340 (size before relaxing)
 .rodata._ctype
                0x00000000402fc80e      0x100 lib/built-in.o
                0x00000000402fc80e                _ctype
 .rodata.digits.6937
                0x00000000402fc90e       0x10 lib/built-in.o
 .rodata.hex_asc
                0x00000000402fc91e       0x11 lib/built-in.o

.rel.dyn        0x00000000402fc930        0x0
 .rel.iplt      0x00000000402fc930        0x0 arch/arm/cpu/armv7/start.o
                0x00000000402fc930                . = ALIGN (0x4)

.data           0x00000000402fc930      0x7bc
 *(SORT(.data*))
 .data          0x00000000402fc930       0xd8 arch/arm/lib/built-in.o
                0x00000000402fc930                gdata
 .data.dpll_mpu_opp100
                0x00000000402fca08       0x10 arch/arm/cpu/armv7/built-in.o
                0x00000000402fca08                dpll_mpu_opp100
 .data.cstat    0x00000000402fca18        0x4 arch/arm/cpu/armv7/built-in.o
                0x00000000402fca18                cstat
 .data.mmc1_pin_mux
                0x00000000402fca1c       0x60 board/vscom/baltos/built-in.o
 .data.i2c0_pin_mux
                0x00000000402fca7c       0x18 board/vscom/baltos/built-in.o
 .data.uart1_pin_mux
                0x00000000402fca94       0x18 board/vscom/baltos/built-in.o
 .data.lvds_blkt_pin_mux
                0x00000000402fcaac       0x10 board/vscom/baltos/built-in.o
 .data.rgmii1_pin_mux
                0x00000000402fcabc       0x78 board/vscom/baltos/built-in.o
 .data.mmc0_pin_mux
                0x00000000402fcb34       0x40 board/vscom/baltos/built-in.o
 .data.uart0_pin_mux
                0x00000000402fcb74       0x30 board/vscom/baltos/built-in.o
 .data.ddr3_sbc7109_emif_reg_data
                0x00000000402fcba4       0x6c board/vscom/baltos/built-in.o
 .data          0x00000000402fcc10       0x50 common/spl/built-in.o
 .data.boot_name_table
                0x00000000402fcc60       0x28 common/spl/built-in.o
                0x00000000402fcc60                boot_name_table
 .data.av_      0x00000000402fcc88      0x408 common/built-in.o
 .data.sbrk_base
                0x00000000402fd090        0x4 common/built-in.o
 .data.trim_threshold
                0x00000000402fd094        0x4 common/built-in.o
 .data.cur_dev_num
                0x00000000402fd098        0x4 drivers/built-in.o
 .data.eserial2_device
                0x00000000402fd09c       0x30 drivers/built-in.o
                0x00000000402fd09c                eserial2_device
 .data.wdt_trgr_pattern
                0x00000000402fd0cc        0x4 drivers/built-in.o
 .data.ext4fs_indir3_blkno
                0x00000000402fd0d0        0x4 fs/built-in.o
                0x00000000402fd0d0                ext4fs_indir3_blkno
 .data.ext4fs_indir1_blkno
                0x00000000402fd0d4        0x4 fs/built-in.o
                0x00000000402fd0d4                ext4fs_indir1_blkno
 .data.ext4fs_indir2_blkno
                0x00000000402fd0d8        0x4 fs/built-in.o
                0x00000000402fd0d8                ext4fs_indir2_blkno
 .data.system_guid
                0x00000000402fd0dc       0x10 disk/built-in.o

.igot.plt       0x00000000402fd0ec        0x0
 .igot.plt      0x00000000402fd0ec        0x0 arch/arm/cpu/armv7/start.o

.__bss_end      0x00000000402fd0ec        0x0
 .__bss_end     0x00000000402fd0ec        0x0 arch/arm/lib/built-in.o

.__bss_start    0x00000000402fd0ec        0x0
 .__bss_start   0x00000000402fd0ec        0x0 arch/arm/lib/built-in.o

.u_boot_list    0x00000000402fd0ec       0xf0
 *(SORT(.u_boot_list*))
 .u_boot_list_2_cmd_1
                0x00000000402fd0ec        0x0 common/built-in.o
 .u_boot_list_2_cmd_3
                0x00000000402fd0ec        0x0 common/built-in.o
 .u_boot_list_2_driver_info_2_am33xx_uarts
                0x00000000402fd0ec       0x30 arch/arm/cpu/armv7/built-in.o
                0x00000000402fd0ec                _u_boot_list_2_driver_info_2_am33xx_uarts
 .u_boot_list_2_i2c_1
                0x00000000402fd11c        0x0 drivers/built-in.o
 .u_boot_list_2_i2c_2_omap24_0
                0x00000000402fd11c       0x2c drivers/built-in.o
                0x00000000402fd11c                _u_boot_list_2_i2c_2_omap24_0
 .u_boot_list_2_i2c_2_omap24_1
                0x00000000402fd148       0x2c drivers/built-in.o
                0x00000000402fd148                _u_boot_list_2_i2c_2_omap24_1
 .u_boot_list_2_i2c_2_omap24_2
                0x00000000402fd174       0x2c drivers/built-in.o
                0x00000000402fd174                _u_boot_list_2_i2c_2_omap24_2
 .u_boot_list_2_i2c_3
                0x00000000402fd1a0        0x0 drivers/built-in.o
 .u_boot_list_2_part_driver_1
                0x00000000402fd1a0        0x0 disk/built-in.o
 .u_boot_list_2_part_driver_2_a_efi
                0x00000000402fd1a0       0x14 disk/built-in.o
                0x00000000402fd1a0                _u_boot_list_2_part_driver_2_a_efi
 .u_boot_list_2_part_driver_2_dos
                0x00000000402fd1b4       0x14 disk/built-in.o
                0x00000000402fd1b4                _u_boot_list_2_part_driver_2_dos
 .u_boot_list_2_part_driver_2_iso
                0x00000000402fd1c8       0x14 disk/built-in.o
                0x00000000402fd1c8                _u_boot_list_2_part_driver_2_iso
 .u_boot_list_2_part_driver_3
                0x00000000402fd1dc        0x0 disk/built-in.o
                0x00000000402fd1dc                . = ALIGN (0x4)
                0x00000000402fd1dc                __image_copy_end = .

.end
 *(.__end)

.bss            0x0000000080a00000    0x30df8
                0x0000000080a00000                . = ALIGN (0x4)
                0x0000000080a00000                __bss_start = .
 *(.bss*)
 .bss.spl_image
                0x0000000080a00000       0x18 common/spl/built-in.o
                0x0000000080a00000                spl_image
 .bss.spl_boot_list
                0x0000000080a00018       0x14 common/spl/built-in.o
 .bss.fat_registered
                0x0000000080a0002c        0x4 common/spl/built-in.o
 .bss.xyz       0x0000000080a00030      0x434 common/built-in.o
 .bss.max_total_mem
                0x0000000080a00464        0x4 common/built-in.o
 .bss.mem_malloc_brk
                0x0000000080a00468        0x4 common/built-in.o
                0x0000000080a00468                mem_malloc_brk
 .bss.max_sbrked_mem
                0x0000000080a0046c        0x4 common/built-in.o
 .bss.current_mallinfo
                0x0000000080a00470       0x28 common/built-in.o
 .bss.mem_malloc_end
                0x0000000080a00498        0x4 common/built-in.o
                0x0000000080a00498                mem_malloc_end
 .bss.top_pad   0x0000000080a0049c        0x4 common/built-in.o
 .bss.mem_malloc_start
                0x0000000080a004a0        0x4 common/built-in.o
                0x0000000080a004a0                mem_malloc_start
 .bss.stdio_devices
                0x0000000080a004a4        0xc common/built-in.o
                0x0000000080a004a4                stdio_devices
 .bss.tmpbuf    0x0000000080a004b0      0x800 disk/built-in.o
 .bss.name.7062
                0x0000000080a00cb0       0x25 disk/built-in.o
 *fill*         0x0000000080a00cd5        0x3 
 .bss.initialized.9261
                0x0000000080a00cd8        0x4 drivers/built-in.o
 .bss.mmc_devices
                0x0000000080a00cdc        0x8 drivers/built-in.o
 .bss.serial_current
                0x0000000080a00ce4        0x4 drivers/built-in.o
 *fill*         0x0000000080a00ce8       0x18 
 .bss.get_contents_vfatname_block
                0x0000000080a00d00    0x10000 fs/built-in.o
                0x0000000080a00d00                get_contents_vfatname_block
 .bss.do_fat_read_at_block
                0x0000000080a10d00    0x10000 fs/built-in.o
                0x0000000080a10d00                do_fat_read_at_block
 .bss.get_dentfromdir_block
                0x0000000080a20d00    0x10000 fs/built-in.o
                0x0000000080a20d00                get_dentfromdir_block
 .bss.cur_part_info
                0x0000000080a30d00       0x78 fs/built-in.o
 .bss.cur_dev   0x0000000080a30d78        0x4 fs/built-in.o
 *fill*         0x0000000080a30d7c        0x4 
 .bss.ext_fs    0x0000000080a30d80       0x48 fs/built-in.o
                0x0000000080a30d80                ext_fs
 .bss.ext4fs_indir3_block
                0x0000000080a30dc8        0x4 fs/built-in.o
                0x0000000080a30dc8                ext4fs_indir3_block
 .bss.ext4fs_root
                0x0000000080a30dcc        0x4 fs/built-in.o
                0x0000000080a30dcc                ext4fs_root
 .bss.ext4fs_indir3_size
                0x0000000080a30dd0        0x4 fs/built-in.o
                0x0000000080a30dd0                ext4fs_indir3_size
 .bss.ext4fs_indir1_block
                0x0000000080a30dd4        0x4 fs/built-in.o
                0x0000000080a30dd4                ext4fs_indir1_block
 .bss.ext4fs_indir2_size
                0x0000000080a30dd8        0x4 fs/built-in.o
                0x0000000080a30dd8                ext4fs_indir2_size
 .bss.ext4fs_indir2_block
                0x0000000080a30ddc        0x4 fs/built-in.o
                0x0000000080a30ddc                ext4fs_indir2_block
 .bss.ext4fs_indir1_size
                0x0000000080a30de0        0x4 fs/built-in.o
                0x0000000080a30de0                ext4fs_indir1_size
 .bss.symlinknest
                0x0000000080a30de4        0x4 fs/built-in.o
 .bss.ext4fs_file
                0x0000000080a30de8        0x4 fs/built-in.o
                0x0000000080a30de8                ext4fs_file
 .bss.part_info
                0x0000000080a30dec        0x4 fs/built-in.o
 .bss.part_offset
                0x0000000080a30df0        0x4 fs/built-in.o
                0x0000000080a30df0                part_offset
 .bss.ext4fs_blk_desc
                0x0000000080a30df4        0x4 fs/built-in.o
                0x0000000080a30df8                . = ALIGN (0x4)
                0x0000000080a30df8                __bss_end = .
Address of section .text set to 0x402f0400
LOAD arch/arm/cpu/armv7/start.o
START GROUP
LOAD arch/arm/cpu/armv7/built-in.o
LOAD arch/arm/cpu/built-in.o
LOAD arch/arm/lib/built-in.o
LOAD board/vscom/baltos/built-in.o
LOAD common/spl/built-in.o
LOAD common/init/built-in.o
LOAD common/built-in.o
LOAD cmd/built-in.o
LOAD disk/built-in.o
LOAD drivers/built-in.o
LOAD dts/built-in.o
LOAD fs/built-in.o
LOAD lib/built-in.o
END GROUP
LOAD arch/arm/lib/eabi_compat.o
LOAD /home/chen_7109/am335x/gcc-linaro-5.3-2016.02-x86_64_arm-linux-gnueabihf/bin/../lib/gcc/arm-linux-gnueabihf/5.3.1/libgcc.a
OUTPUT(u-boot-spl elf32-littlearm)

.ARM.attributes
                0x0000000000000000       0x2b
 .ARM.attributes
                0x0000000000000000       0x1f arch/arm/cpu/armv7/start.o
 .ARM.attributes
                0x000000000000001f       0x2d arch/arm/cpu/armv7/built-in.o
 .ARM.attributes
                0x000000000000004c       0x2b arch/arm/lib/built-in.o
 .ARM.attributes
                0x0000000000000077       0x2d board/vscom/baltos/built-in.o
 .ARM.attributes
                0x00000000000000a4       0x2d common/spl/built-in.o
 .ARM.attributes
                0x00000000000000d1       0x2d common/init/built-in.o
 .ARM.attributes
                0x00000000000000fe       0x2d common/built-in.o
 .ARM.attributes
                0x000000000000012b       0x2d disk/built-in.o
 .ARM.attributes
                0x0000000000000158       0x2d drivers/built-in.o
 .ARM.attributes
                0x0000000000000185       0x2d fs/built-in.o
 .ARM.attributes
                0x00000000000001b2       0x2d lib/built-in.o
 .ARM.attributes
                0x00000000000001df       0x2d arch/arm/lib/eabi_compat.o
 .ARM.attributes
                0x000000000000020c       0x21 /home/chen_7109/am335x/gcc-linaro-5.3-2016.02-x86_64_arm-linux-gnueabihf/bin/../lib/gcc/arm-linux-gnueabihf/5.3.1/libgcc.a(_udivsi3.o)
 .ARM.attributes
                0x000000000000022d       0x21 /home/chen_7109/am335x/gcc-linaro-5.3-2016.02-x86_64_arm-linux-gnueabihf/bin/../lib/gcc/arm-linux-gnueabihf/5.3.1/libgcc.a(_divsi3.o)
 .ARM.attributes
                0x000000000000024e       0x21 /home/chen_7109/am335x/gcc-linaro-5.3-2016.02-x86_64_arm-linux-gnueabihf/bin/../lib/gcc/arm-linux-gnueabihf/5.3.1/libgcc.a(_lshrdi3.o)
 .ARM.attributes
                0x000000000000026f       0x21 /home/chen_7109/am335x/gcc-linaro-5.3-2016.02-x86_64_arm-linux-gnueabihf/bin/../lib/gcc/arm-linux-gnueabihf/5.3.1/libgcc.a(_ashldi3.o)
 .ARM.attributes
                0x0000000000000290       0x21 /home/chen_7109/am335x/gcc-linaro-5.3-2016.02-x86_64_arm-linux-gnueabihf/bin/../lib/gcc/arm-linux-gnueabihf/5.3.1/libgcc.a(_dvmd_lnx.o)

.comment        0x0000000000000000       0x2d
 .comment       0x0000000000000000       0x2d arch/arm/cpu/armv7/built-in.o
                                        0x30e (size before relaxing)
 .comment       0x000000000000002d      0x142 arch/arm/lib/built-in.o
 .comment       0x000000000000002d       0x5c board/vscom/baltos/built-in.o
 .comment       0x000000000000002d       0xe6 common/spl/built-in.o
 .comment       0x000000000000002d       0x2e common/init/built-in.o
 .comment       0x000000000000002d      0x284 common/built-in.o
 .comment       0x000000000000002d       0xb8 disk/built-in.o
 .comment       0x000000000000002d      0x1cc drivers/built-in.o
 .comment       0x000000000000002d      0x142 fs/built-in.o
 .comment       0x000000000000002d      0x4da lib/built-in.o
 .comment       0x000000000000002d       0x2e arch/arm/lib/eabi_compat.o

.note.GNU-stack
                0x0000000000000000        0x0
 .note.GNU-stack
                0x0000000000000000        0x0 arch/arm/cpu/armv7/built-in.o
 .note.GNU-stack
                0x0000000000000000        0x0 arch/arm/lib/built-in.o
 .note.GNU-stack
                0x0000000000000000        0x0 board/vscom/baltos/built-in.o
 .note.GNU-stack
                0x0000000000000000        0x0 common/spl/built-in.o
 .note.GNU-stack
                0x0000000000000000        0x0 common/init/built-in.o
 .note.GNU-stack
                0x0000000000000000        0x0 common/built-in.o
 .note.GNU-stack
                0x0000000000000000        0x0 disk/built-in.o
 .note.GNU-stack
                0x0000000000000000        0x0 drivers/built-in.o
 .note.GNU-stack
                0x0000000000000000        0x0 fs/built-in.o
 .note.GNU-stack
                0x0000000000000000        0x0 lib/built-in.o
 .note.GNU-stack
                0x0000000000000000        0x0 arch/arm/lib/eabi_compat.o
 .note.GNU-stack
                0x0000000000000000        0x0 /home/chen_7109/am335x/gcc-linaro-5.3-2016.02-x86_64_arm-linux-gnueabihf/bin/../lib/gcc/arm-linux-gnueabihf/5.3.1/libgcc.a(_udivsi3.o)
 .note.GNU-stack
                0x0000000000000000        0x0 /home/chen_7109/am335x/gcc-linaro-5.3-2016.02-x86_64_arm-linux-gnueabihf/bin/../lib/gcc/arm-linux-gnueabihf/5.3.1/libgcc.a(_divsi3.o)
 .note.GNU-stack
                0x0000000000000000        0x0 /home/chen_7109/am335x/gcc-linaro-5.3-2016.02-x86_64_arm-linux-gnueabihf/bin/../lib/gcc/arm-linux-gnueabihf/5.3.1/libgcc.a(_lshrdi3.o)
 .note.GNU-stack
                0x0000000000000000        0x0 /home/chen_7109/am335x/gcc-linaro-5.3-2016.02-x86_64_arm-linux-gnueabihf/bin/../lib/gcc/arm-linux-gnueabihf/5.3.1/libgcc.a(_ashldi3.o)
 .note.GNU-stack
                0x0000000000000000        0x0 /home/chen_7109/am335x/gcc-linaro-5.3-2016.02-x86_64_arm-linux-gnueabihf/bin/../lib/gcc/arm-linux-gnueabihf/5.3.1/libgcc.a(_dvmd_lnx.o)

.debug_line     0x0000000000000000     0xf5ed
 .debug_line    0x0000000000000000       0x8a arch/arm/cpu/armv7/start.o
 .debug_line    0x000000000000008a     0x1b05 arch/arm/cpu/armv7/built-in.o
 .debug_line    0x0000000000001b8f      0x9d9 arch/arm/lib/built-in.o
 .debug_line    0x0000000000002568      0x42d board/vscom/baltos/built-in.o
 .debug_line    0x0000000000002995      0x7be common/spl/built-in.o
 .debug_line    0x0000000000003153      0x118 common/init/built-in.o
 .debug_line    0x000000000000326b     0x2931 common/built-in.o
 .debug_line    0x0000000000005b9c     0x106f disk/built-in.o
 .debug_line    0x0000000000006c0b     0x21aa drivers/built-in.o
 .debug_line    0x0000000000008db5     0x29c1 fs/built-in.o
 .debug_line    0x000000000000b776     0x38df lib/built-in.o
 .debug_line    0x000000000000f055      0x111 arch/arm/lib/eabi_compat.o
 .debug_line    0x000000000000f166       0xf2 /home/chen_7109/am335x/gcc-linaro-5.3-2016.02-x86_64_arm-linux-gnueabihf/bin/../lib/gcc/arm-linux-gnueabihf/5.3.1/libgcc.a(_udivsi3.o)
 .debug_line    0x000000000000f258      0x103 /home/chen_7109/am335x/gcc-linaro-5.3-2016.02-x86_64_arm-linux-gnueabihf/bin/../lib/gcc/arm-linux-gnueabihf/5.3.1/libgcc.a(_divsi3.o)
 .debug_line    0x000000000000f35b       0xde /home/chen_7109/am335x/gcc-linaro-5.3-2016.02-x86_64_arm-linux-gnueabihf/bin/../lib/gcc/arm-linux-gnueabihf/5.3.1/libgcc.a(_lshrdi3.o)
 .debug_line    0x000000000000f439       0xde /home/chen_7109/am335x/gcc-linaro-5.3-2016.02-x86_64_arm-linux-gnueabihf/bin/../lib/gcc/arm-linux-gnueabihf/5.3.1/libgcc.a(_ashldi3.o)
 .debug_line    0x000000000000f517       0xd6 /home/chen_7109/am335x/gcc-linaro-5.3-2016.02-x86_64_arm-linux-gnueabihf/bin/../lib/gcc/arm-linux-gnueabihf/5.3.1/libgcc.a(_dvmd_lnx.o)

.debug_info     0x0000000000000000    0x59528
 .debug_info    0x0000000000000000       0x77 arch/arm/cpu/armv7/start.o
 .debug_info    0x0000000000000077     0xbdbc arch/arm/cpu/armv7/built-in.o
 .debug_info    0x000000000000be33     0x3024 arch/arm/lib/built-in.o
 .debug_info    0x000000000000ee57     0x2424 board/vscom/baltos/built-in.o
 .debug_info    0x000000000001127b     0x4342 common/spl/built-in.o
 .debug_info    0x00000000000155bd      0x69b common/init/built-in.o
 .debug_info    0x0000000000015c58     0xe1ba common/built-in.o
 .debug_info    0x0000000000023e12     0x64ab disk/built-in.o
 .debug_info    0x000000000002a2bd     0xde5b drivers/built-in.o
 .debug_info    0x0000000000038118    0x105cc fs/built-in.o
 .debug_info    0x00000000000486e4    0x101a3 lib/built-in.o
 .debug_info    0x0000000000058887      0x472 arch/arm/lib/eabi_compat.o
 .debug_info    0x0000000000058cf9      0x1a3 /home/chen_7109/am335x/gcc-linaro-5.3-2016.02-x86_64_arm-linux-gnueabihf/bin/../lib/gcc/arm-linux-gnueabihf/5.3.1/libgcc.a(_udivsi3.o)
 .debug_info    0x0000000000058e9c      0x1a3 /home/chen_7109/am335x/gcc-linaro-5.3-2016.02-x86_64_arm-linux-gnueabihf/bin/../lib/gcc/arm-linux-gnueabihf/5.3.1/libgcc.a(_divsi3.o)
 .debug_info    0x000000000005903f      0x1a3 /home/chen_7109/am335x/gcc-linaro-5.3-2016.02-x86_64_arm-linux-gnueabihf/bin/../lib/gcc/arm-linux-gnueabihf/5.3.1/libgcc.a(_lshrdi3.o)
 .debug_info    0x00000000000591e2      0x1a3 /home/chen_7109/am335x/gcc-linaro-5.3-2016.02-x86_64_arm-linux-gnueabihf/bin/../lib/gcc/arm-linux-gnueabihf/5.3.1/libgcc.a(_ashldi3.o)
 .debug_info    0x0000000000059385      0x1a3 /home/chen_7109/am335x/gcc-linaro-5.3-2016.02-x86_64_arm-linux-gnueabihf/bin/../lib/gcc/arm-linux-gnueabihf/5.3.1/libgcc.a(_dvmd_lnx.o)

.debug_abbrev   0x0000000000000000     0xf3cc
 .debug_abbrev  0x0000000000000000       0x14 arch/arm/cpu/armv7/start.o
 .debug_abbrev  0x0000000000000014     0x2593 arch/arm/cpu/armv7/built-in.o
 .debug_abbrev  0x00000000000025a7      0xbb1 arch/arm/lib/built-in.o
 .debug_abbrev  0x0000000000003158      0x4d9 board/vscom/baltos/built-in.o
 .debug_abbrev  0x0000000000003631      0xdf1 common/spl/built-in.o
 .debug_abbrev  0x0000000000004422      0x1c0 common/init/built-in.o
 .debug_abbrev  0x00000000000045e2     0x2a39 common/built-in.o
 .debug_abbrev  0x000000000000701b     0x102e disk/built-in.o
 .debug_abbrev  0x0000000000008049     0x2135 drivers/built-in.o
 .debug_abbrev  0x000000000000a17e     0x19a3 fs/built-in.o
 .debug_abbrev  0x000000000000bb21     0x36c7 lib/built-in.o
 .debug_abbrev  0x000000000000f1e8      0x180 arch/arm/lib/eabi_compat.o
 .debug_abbrev  0x000000000000f368       0x14 /home/chen_7109/am335x/gcc-linaro-5.3-2016.02-x86_64_arm-linux-gnueabihf/bin/../lib/gcc/arm-linux-gnueabihf/5.3.1/libgcc.a(_udivsi3.o)
 .debug_abbrev  0x000000000000f37c       0x14 /home/chen_7109/am335x/gcc-linaro-5.3-2016.02-x86_64_arm-linux-gnueabihf/bin/../lib/gcc/arm-linux-gnueabihf/5.3.1/libgcc.a(_divsi3.o)
 .debug_abbrev  0x000000000000f390       0x14 /home/chen_7109/am335x/gcc-linaro-5.3-2016.02-x86_64_arm-linux-gnueabihf/bin/../lib/gcc/arm-linux-gnueabihf/5.3.1/libgcc.a(_lshrdi3.o)
 .debug_abbrev  0x000000000000f3a4       0x14 /home/chen_7109/am335x/gcc-linaro-5.3-2016.02-x86_64_arm-linux-gnueabihf/bin/../lib/gcc/arm-linux-gnueabihf/5.3.1/libgcc.a(_ashldi3.o)
 .debug_abbrev  0x000000000000f3b8       0x14 /home/chen_7109/am335x/gcc-linaro-5.3-2016.02-x86_64_arm-linux-gnueabihf/bin/../lib/gcc/arm-linux-gnueabihf/5.3.1/libgcc.a(_dvmd_lnx.o)

.debug_aranges  0x0000000000000000     0x22e0
 .debug_aranges
                0x0000000000000000       0x20 arch/arm/cpu/armv7/start.o
 .debug_aranges
                0x0000000000000020      0x488 arch/arm/cpu/armv7/built-in.o
 .debug_aranges
                0x00000000000004a8      0x1f0 arch/arm/lib/built-in.o
 .debug_aranges
                0x0000000000000698       0xb8 board/vscom/baltos/built-in.o
 .debug_aranges
                0x0000000000000750      0x110 common/spl/built-in.o
 .debug_aranges
                0x0000000000000860       0x28 common/init/built-in.o
 .debug_aranges
                0x0000000000000888      0x5a8 common/built-in.o
 .debug_aranges
                0x0000000000000e30      0x188 disk/built-in.o
 .debug_aranges
                0x0000000000000fb8      0x5b0 drivers/built-in.o
 .debug_aranges
                0x0000000000001568      0x378 fs/built-in.o
 .debug_aranges
                0x00000000000018e0      0x928 lib/built-in.o
 .debug_aranges
                0x0000000000002208       0x38 arch/arm/lib/eabi_compat.o
 .debug_aranges
                0x0000000000002240       0x20 /home/chen_7109/am335x/gcc-linaro-5.3-2016.02-x86_64_arm-linux-gnueabihf/bin/../lib/gcc/arm-linux-gnueabihf/5.3.1/libgcc.a(_udivsi3.o)
 .debug_aranges
                0x0000000000002260       0x20 /home/chen_7109/am335x/gcc-linaro-5.3-2016.02-x86_64_arm-linux-gnueabihf/bin/../lib/gcc/arm-linux-gnueabihf/5.3.1/libgcc.a(_divsi3.o)
 .debug_aranges
                0x0000000000002280       0x20 /home/chen_7109/am335x/gcc-linaro-5.3-2016.02-x86_64_arm-linux-gnueabihf/bin/../lib/gcc/arm-linux-gnueabihf/5.3.1/libgcc.a(_lshrdi3.o)
 .debug_aranges
                0x00000000000022a0       0x20 /home/chen_7109/am335x/gcc-linaro-5.3-2016.02-x86_64_arm-linux-gnueabihf/bin/../lib/gcc/arm-linux-gnueabihf/5.3.1/libgcc.a(_ashldi3.o)
 .debug_aranges
                0x00000000000022c0       0x20 /home/chen_7109/am335x/gcc-linaro-5.3-2016.02-x86_64_arm-linux-gnueabihf/bin/../lib/gcc/arm-linux-gnueabihf/5.3.1/libgcc.a(_dvmd_lnx.o)

.debug_frame    0x0000000000000000     0x5ad8
 .debug_frame   0x0000000000000000      0x86c arch/arm/cpu/armv7/built-in.o
 .debug_frame   0x000000000000086c      0x33c arch/arm/lib/built-in.o
 .debug_frame   0x0000000000000ba8      0x188 board/vscom/baltos/built-in.o
 .debug_frame   0x0000000000000d30      0x21c common/spl/built-in.o
 .debug_frame   0x0000000000000f4c       0x38 common/init/built-in.o
 .debug_frame   0x0000000000000f84      0xef0 common/built-in.o
 .debug_frame   0x0000000000001e74      0x568 disk/built-in.o
 .debug_frame   0x00000000000023dc      0xf80 drivers/built-in.o
 .debug_frame   0x000000000000335c      0xc88 fs/built-in.o
 .debug_frame   0x0000000000003fe4     0x1a54 lib/built-in.o
 .debug_frame   0x0000000000005a38       0x60 arch/arm/lib/eabi_compat.o
 .debug_frame   0x0000000000005a98       0x20 /home/chen_7109/am335x/gcc-linaro-5.3-2016.02-x86_64_arm-linux-gnueabihf/bin/../lib/gcc/arm-linux-gnueabihf/5.3.1/libgcc.a(_udivsi3.o)
 .debug_frame   0x0000000000005ab8       0x20 /home/chen_7109/am335x/gcc-linaro-5.3-2016.02-x86_64_arm-linux-gnueabihf/bin/../lib/gcc/arm-linux-gnueabihf/5.3.1/libgcc.a(_divsi3.o)

.debug_str      0x0000000000000000     0xbeba
 .debug_str     0x0000000000000000     0x36a5 arch/arm/cpu/armv7/built-in.o
                                       0x95ac (size before relaxing)
 .debug_str     0x00000000000036a5      0x400 arch/arm/lib/built-in.o
                                       0x26ad (size before relaxing)
 .debug_str     0x0000000000003aa5      0xa6e board/vscom/baltos/built-in.o
                                       0x1b46 (size before relaxing)
 .debug_str     0x0000000000004513      0x7e0 common/spl/built-in.o
                                       0x33f9 (size before relaxing)
 .debug_str     0x0000000000004cf3       0x58 common/init/built-in.o
                                        0x63c (size before relaxing)
 .debug_str     0x0000000000004d4b     0x21e7 common/built-in.o
                                       0x80b3 (size before relaxing)
 .debug_str     0x0000000000006f32      0xbf8 disk/built-in.o
                                       0x29ea (size before relaxing)
 .debug_str     0x0000000000007b2a     0x12af drivers/built-in.o
                                       0x6900 (size before relaxing)
 .debug_str     0x0000000000008dd9     0x1b6e fs/built-in.o
                                       0x5dcc (size before relaxing)
 .debug_str     0x000000000000a947     0x1513 lib/built-in.o
                                       0x8bda (size before relaxing)
 .debug_str     0x000000000000be5a       0x60 arch/arm/lib/eabi_compat.o
                                        0x486 (size before relaxing)

.debug_loc      0x0000000000000000    0x2be00
 .debug_loc     0x0000000000000000     0x24dd arch/arm/cpu/armv7/built-in.o
 .debug_loc     0x00000000000024dd      0x4e0 arch/arm/lib/built-in.o
 .debug_loc     0x00000000000029bd      0x158 board/vscom/baltos/built-in.o
 .debug_loc     0x0000000000002b15      0x88f common/spl/built-in.o
 .debug_loc     0x00000000000033a4       0xbc common/init/built-in.o
 .debug_loc     0x0000000000003460     0x7b60 common/built-in.o
 .debug_loc     0x000000000000afc0     0x2e4d disk/built-in.o
 .debug_loc     0x000000000000de0d     0x5d36 drivers/built-in.o
 .debug_loc     0x0000000000013b43     0xc1a8 fs/built-in.o
 .debug_loc     0x000000000001fceb     0xc018 lib/built-in.o
 .debug_loc     0x000000000002bd03       0xfd arch/arm/lib/eabi_compat.o

.debug_ranges   0x0000000000000000     0x3868
 .debug_ranges  0x0000000000000000      0x5a8 arch/arm/cpu/armv7/built-in.o
 .debug_ranges  0x00000000000005a8      0x138 arch/arm/lib/built-in.o
 .debug_ranges  0x00000000000006e0       0xb0 board/vscom/baltos/built-in.o
 .debug_ranges  0x0000000000000790       0xd8 common/spl/built-in.o
 .debug_ranges  0x0000000000000868       0x18 common/init/built-in.o
 .debug_ranges  0x0000000000000880      0x700 common/built-in.o
 .debug_ranges  0x0000000000000f80      0x530 disk/built-in.o
 .debug_ranges  0x00000000000014b0      0xbd8 drivers/built-in.o
 .debug_ranges  0x0000000000002088      0xb80 fs/built-in.o
 .debug_ranges  0x0000000000002c08      0xc38 lib/built-in.o
 .debug_ranges  0x0000000000003840       0x28 arch/arm/lib/eabi_compat.o
